 mysqlmanager

 Timestamp is 4e0df752 (Fri Jul 01 18:35:30 2011)

 Preferred load address is 00400000

 Start         Length     Name                   Class
 0001:00000000 000bcef6H .text                   CODE
 0001:000bcf00 00001021H .text$yc                CODE
 0001:000bdf21 00001019H .text$yd                CODE
 0002:00000000 00000104H .CRT$XCA                DATA
 0002:00000104 00000109H .CRT$XCU                DATA
 0002:00000210 00000104H .CRT$XCZ                DATA
 0002:00000314 00000104H .CRT$XIA                DATA
 0002:00000418 00000118H .CRT$XIC                DATA
 0002:00000530 00000104H .CRT$XIY                DATA
 0002:00000634 00000104H .CRT$XIZ                DATA
 0002:00000738 00000004H .CRT$XLA                DATA
 0002:0000073c 00000004H .CRT$XLZ                DATA
 0002:00000740 00000104H .CRT$XPA                DATA
 0002:00000844 00000104H .CRT$XPX                DATA
 0002:00000948 00000104H .CRT$XPXA               DATA
 0002:00000a4c 00000104H .CRT$XPZ                DATA
 0002:00000b50 00000104H .CRT$XTA                DATA
 0002:00000c54 00000104H .CRT$XTZ                DATA
 0002:00000d60 0001bcf7H .rdata                  DATA
 0002:0001ca58 0000011cH .rdata$T                DATA
 0002:0001cb74 000001abH .rdata$debug            DATA
 0002:0001cd20 00002de3H .rdata$r                DATA
 0002:0001fb10 0000010eH .rdata$sxdata           DATA
 0002:0001fc20 00000104H .rtc$IAA                DATA
 0002:0001fd24 00000104H .rtc$IZZ                DATA
 0002:0001fe28 00000104H .rtc$TAA                DATA
 0002:0001ff2c 00000104H .rtc$TZZ                DATA
 0002:00020030 000010c4H .xdata$x                DATA
 0002:000210f4 00000000H .edata                  DATA
 0003:00000000 0014f6c9H .data                   DATA
 0003:0014f6e0 000047a4H .bss                    DATA
 0004:00000000 00000050H .idata$2                DATA
 0004:00000050 00000014H .idata$3                DATA
 0004:00000064 00000404H .idata$4                DATA
 0004:00000468 00000404H .idata$5                DATA
 0004:0000086c 00000dbeH .idata$6                DATA
 0005:00000000 00000101H .tls                    DATA
 0005:00000108 00000186H .tls$                   DATA
 0005:0000028e 00000101H .tls$ZZZ                DATA

  Address         Publics by Value              Rva+Base       Lib:Object

 0000:00000000       __except_list              00000000     <absolute>
 0000:00000003       ___safe_se_handler_count   00000003     <absolute>
 0000:0000002c       __tls_array                0000002c     <absolute>
 0000:00000000       ___ImageBase               00400000     <linker-defined>
 0001:000012a0       ?reserve@Buffer@@QAEHII@Z  004022a0 f   buffer.obj
 0001:000013c0       ?get_size@Buffer@@QAEHXZ   004023c0 f   buffer.obj
 0001:000013d0       ?is_error@Buffer@@QAEHXZ   004023d0 f   buffer.obj
 0001:000013e0       ?append@Buffer@@QAEHIPBDI@Z 004023e0 f   buffer.obj
 0001:00001430       ?get_instance_map@Manager@@SAPAVInstance_map@@XZ 00402430 f i command.obj
 0001:00001440       ?get_guardian@Manager@@SAPAVGuardian@@XZ 00402440 f i command.obj
 0001:00001450       ??0Command@@QAE@XZ         00402450 f   command.obj
 0001:00001480       ??1Command@@UAE@XZ         00402480 f   command.obj
 0001:00001490       ??_ECommand@@UAEPAXI@Z     00402490 f i command.obj
 0001:00001490       ??_GCommand@@UAEPAXI@Z     00402490 f i command.obj
 0001:000014c0       ?alloc_str@Named_value@@SAPADPBUst_mysql_lex_string@@@Z 004024c0 f i commands.obj
 0001:000014e0       ?free_str@Named_value@@SAXPAPAD@Z 004024e0 f i commands.obj
 0001:00001500       ??0Named_value@@QAE@XZ     00402500 f i commands.obj
 0001:00001520       ??0Named_value@@QAE@PAD0@Z 00402520 f i commands.obj
 0001:00001540       ?get_name@Named_value@@QAEPADXZ 00402540 f i commands.obj
 0001:00001550       ?get_value@Named_value@@QAEPADXZ 00402550 f i commands.obj
 0001:00001560       ?free@Named_value@@QAEXXZ  00402560 f i commands.obj
 0001:00001590       ?get_size@Named_value_arr@@QBEHXZ 00402590 f i commands.obj
 0001:000015a0       ?get_element@Named_value_arr@@QBE?AVNamed_value@@H@Z 004025a0 f i commands.obj
 0001:000015e0       ?add_element@Named_value_arr@@QAE_NPAVNamed_value@@@Z 004025e0 f i commands.obj
 0001:00001600       ?get_word@@YAXPAPBDPAIW4enum_seek_method@@@Z 00402600 f i commands.obj
 0001:00001700       ?get_num_options@Instance_options@@QBEHXZ 00402700 f i commands.obj
 0001:00001710       ?get_option@Instance_options@@QBE?AVNamed_value@@H@Z 00402710 f i commands.obj
 0001:00001750       ?get_str@Instance_name@@QBEPBUst_mysql_lex_string@@XZ 00402750 f i commands.obj
 0001:00001760       ?is_mysqld_compatible@Instance@@QBE_NXZ 00402760 f i commands.obj
 0001:00001770       ?is_configured@Instance@@QBE_NXZ 00402770 f i commands.obj
 0001:00001780       ?get_name@Instance@@QBEPBUst_mysql_lex_string@@XZ 00402780 f i commands.obj
 0001:00001790       ?set_state@Instance@@QAEXW4enum_instance_state@1@@Z 00402790 f i commands.obj
 0001:000017a0       ?get_instance_name@Instance_cmd@@IBEPBUst_mysql_lex_string@@XZ 004027a0 f i commands.obj
 0001:000017c0       ??0Buffer@@QAE@I@Z         004027c0 f i commands.obj
 0001:00001800       ??1Buffer@@QAE@XZ          00402800 f i commands.obj
 0001:00001810       ??0Iterator@Instance_map@@QAE@PAV1@@Z 00402810 f i commands.obj
 0001:000018c0       ??0Instance_name@@QAE@PBUst_mysql_lex_string@@@Z 004028c0 f   commands.obj
 0001:00001910       ?write_header@Show_instances@@AAEHPAUst_net@@@Z 00402910 f   commands.obj
 0001:00001990       ?write_data@Show_instances@@AAEHPAUst_net@@@Z 00402990 f   commands.obj
 0001:00001af0       ?execute@Flush_instances@@UAEHPAUst_net@@K@Z 00402af0 f   commands.obj
 0001:00001b30       ??0Instance_cmd@@QAE@PBUst_mysql_lex_string@@@Z 00402b30 f   commands.obj
 0001:00001b60       ??1Instance_cmd@@UAE@XZ    00402b60 f i commands.obj
 0001:00001b70       ??0Abstract_instance_cmd@@QAE@PBUst_mysql_lex_string@@@Z 00402b70 f   commands.obj
 0001:00001b90       ??1Abstract_instance_cmd@@UAE@XZ 00402b90 f i commands.obj
 0001:00001ba0       ?execute@Abstract_instance_cmd@@UAEHPAUst_net@@K@Z 00402ba0 f   commands.obj
 0001:00001c40       ??0Show_instance_status@@QAE@PBUst_mysql_lex_string@@@Z 00402c40 f   commands.obj
 0001:00001c60       ??1Show_instance_status@@UAE@XZ 00402c60 f i commands.obj
 0001:00001c70       ?send_ok_response@Show_instance_status@@MAEHPAUst_net@@K@Z 00402c70 f   commands.obj
 0001:00001cb0       ?write_header@Show_instance_status@@AAEHPAUst_net@@@Z 00402cb0 f   commands.obj
 0001:00001db0       ?write_data@Show_instance_status@@AAEHPAUst_net@@PAVInstance@@@Z 00402db0 f   commands.obj
 0001:00001fb0       ??0Show_instance_options@@QAE@PBUst_mysql_lex_string@@@Z 00402fb0 f   commands.obj
 0001:00001fd0       ??1Show_instance_options@@UAE@XZ 00402fd0 f i commands.obj
 0001:00001fe0       ?send_ok_response@Show_instance_options@@MAEHPAUst_net@@K@Z 00402fe0 f   commands.obj
 0001:00002020       ?write_header@Show_instance_options@@AAEHPAUst_net@@@Z 00403020 f   commands.obj
 0001:000020a0       ?write_data@Show_instance_options@@AAEHPAUst_net@@PAVInstance@@@Z 004030a0 f   commands.obj
 0001:00002280       ??0Start_instance@@QAE@PBUst_mysql_lex_string@@@Z 00403280 f   commands.obj
 0001:000022a0       ??1Start_instance@@UAE@XZ  004032a0 f i commands.obj
 0001:000022b0       ?execute_impl@Start_instance@@MAEHPAUst_net@@PAVInstance@@@Z 004032b0 f   commands.obj
 0001:00002320       ?send_ok_response@Start_instance@@MAEHPAUst_net@@K@Z 00403320 f   commands.obj
 0001:00002350       ??0Stop_instance@@QAE@PBUst_mysql_lex_string@@@Z 00403350 f   commands.obj
 0001:00002370       ??1Stop_instance@@UAE@XZ   00403370 f i commands.obj
 0001:00002380       ?execute_impl@Stop_instance@@MAEHPAUst_net@@PAVInstance@@@Z 00403380 f   commands.obj
 0001:000023d0       ?send_ok_response@Stop_instance@@MAEHPAUst_net@@K@Z 004033d0 f   commands.obj
 0001:00002400       ??0Create_instance@@QAE@PBUst_mysql_lex_string@@@Z 00403400 f   commands.obj
 0001:00002430       ??1Create_instance@@UAE@XZ 00403430 f i commands.obj
 0001:00002450       ?parse_args@Create_instance@@AAE_NPAPBD@Z 00403450 f   commands.obj
 0001:00002680       ?execute@Create_instance@@MAEHPAUst_net@@K@Z 00403680 f   commands.obj
 0001:00002790       ??0Drop_instance@@QAE@PBUst_mysql_lex_string@@@Z 00403790 f   commands.obj
 0001:000027b0       ??1Drop_instance@@UAE@XZ   004037b0 f i commands.obj
 0001:000027c0       ?execute@Drop_instance@@MAEHPAUst_net@@K@Z 004037c0 f   commands.obj
 0001:000028f0       ??0Show_instance_log@@QAE@PBUst_mysql_lex_string@@W4Log_type@@II@Z 004038f0 f   commands.obj
 0001:00002940       ??1Show_instance_log@@UAE@XZ 00403940 f i commands.obj
 0001:00002950       ?send_ok_response@Show_instance_log@@MAEHPAUst_net@@K@Z 00403950 f   commands.obj
 0001:00002990       ?check_params@Show_instance_log@@AAEHPAVInstance@@@Z 00403990 f   commands.obj
 0001:000029f0       ?write_header@Show_instance_log@@AAEHPAUst_net@@@Z 004039f0 f   commands.obj
 0001:00002a50       ?write_data@Show_instance_log@@AAEHPAUst_net@@PAVInstance@@@Z 00403a50 f   commands.obj
 0001:00002c90       ??0Show_instance_log_files@@QAE@PBUst_mysql_lex_string@@@Z 00403c90 f   commands.obj
 0001:00002cb0       ??1Show_instance_log_files@@UAE@XZ 00403cb0 f i commands.obj
 0001:00002cc0       ?send_ok_response@Show_instance_log_files@@MAEHPAUst_net@@K@Z 00403cc0 f   commands.obj
 0001:00002d00       ?write_header@Show_instance_log_files@@AAEHPAUst_net@@@Z 00403d00 f   commands.obj
 0001:00002da0       ?write_data@Show_instance_log_files@@AAEHPAUst_net@@PAVInstance@@@Z 00403da0 f   commands.obj
 0001:00002fb0       ?get_instance_name@Instance_options_list@@QBEPBUst_mysql_lex_string@@XZ 00403fb0 f i commands.obj
 0001:00002fc0       ??0Instance_options_list@@QAE@PBUst_mysql_lex_string@@@Z 00403fc0 f   commands.obj
 0001:00002ff0       ?init@Instance_options_list@@QAE_NXZ 00403ff0 f   commands.obj
 0001:00003020       ??1Instance_options_list@@QAE@XZ 00404020 f i commands.obj
 0001:00003030       ??0Abstract_option_cmd@@IAE@XZ 00404030 f   commands.obj
 0001:00003050       ??1Abstract_option_cmd@@UAE@XZ 00404050 f   commands.obj
 0001:00003080       ?correct_file@Abstract_option_cmd@@IAEHPAVInstance@@PAVNamed_value@@_N@Z 00404080 f   commands.obj
 0001:000030f0       ?execute_impl@Abstract_option_cmd@@AAEHPAUst_net@@K@Z 004040f0 f   commands.obj
 0001:00003280       ?process_option@Set_option@@MAEHPAVInstance@@PAVNamed_value@@@Z 00404280 f   commands.obj
 0001:00003310       ?process_option@Unset_option@@MAEHPAVInstance@@PAVNamed_value@@@Z 00404310 f   commands.obj
 0001:00003350       ?execute@Syntax_error@@UAEHPAUst_net@@K@Z 00404350 f   commands.obj
 0001:00003360       ?execute@Show_instances@@UAEHPAUst_net@@K@Z 00404360 f   commands.obj
 0001:000033c0       ??_EInstance_cmd@@UAEPAXI@Z 004043c0 f i commands.obj
 0001:000033c0       ??_GInstance_cmd@@UAEPAXI@Z 004043c0 f i commands.obj
 0001:000033f0       ??_GAbstract_instance_cmd@@UAEPAXI@Z 004043f0 f i commands.obj
 0001:000033f0       ??_EAbstract_instance_cmd@@UAEPAXI@Z 004043f0 f i commands.obj
 0001:00003420       ??_GShow_instance_status@@UAEPAXI@Z 00404420 f i commands.obj
 0001:00003420       ??_EShow_instance_status@@UAEPAXI@Z 00404420 f i commands.obj
 0001:00003450       ?execute_impl@Show_instance_status@@MAEHPAUst_net@@PAVInstance@@@Z 00404450 f   commands.obj
 0001:00003490       ??_EShow_instance_options@@UAEPAXI@Z 00404490 f i commands.obj
 0001:00003490       ??_GShow_instance_options@@UAEPAXI@Z 00404490 f i commands.obj
 0001:000034c0       ?execute_impl@Show_instance_options@@MAEHPAUst_net@@PAVInstance@@@Z 004044c0 f   commands.obj
 0001:00003500       ??_GStart_instance@@UAEPAXI@Z 00404500 f i commands.obj
 0001:00003500       ??_EStart_instance@@UAEPAXI@Z 00404500 f i commands.obj
 0001:00003530       ??_EStop_instance@@UAEPAXI@Z 00404530 f i commands.obj
 0001:00003530       ??_GStop_instance@@UAEPAXI@Z 00404530 f i commands.obj
 0001:00003560       ??_ECreate_instance@@UAEPAXI@Z 00404560 f i commands.obj
 0001:00003560       ??_GCreate_instance@@UAEPAXI@Z 00404560 f i commands.obj
 0001:000035a0       ?init@Create_instance@@QAE_NPAPBD@Z 004045a0 f   commands.obj
 0001:000035e0       ??_EDrop_instance@@UAEPAXI@Z 004045e0 f i commands.obj
 0001:000035e0       ??_GDrop_instance@@UAEPAXI@Z 004045e0 f i commands.obj
 0001:00003610       ??_GShow_instance_log@@UAEPAXI@Z 00404610 f i commands.obj
 0001:00003610       ??_EShow_instance_log@@UAEPAXI@Z 00404610 f i commands.obj
 0001:00003640       ?execute_impl@Show_instance_log@@MAEHPAUst_net@@PAVInstance@@@Z 00404640 f   commands.obj
 0001:00003690       ??_GShow_instance_log_files@@UAEPAXI@Z 00404690 f i commands.obj
 0001:00003690       ??_EShow_instance_log_files@@UAEPAXI@Z 00404690 f i commands.obj
 0001:000036c0       ?execute_impl@Show_instance_log_files@@MAEHPAUst_net@@PAVInstance@@@Z 004046c0 f   commands.obj
 0001:00003700       ??_GInstance_options_list@@QAEPAXI@Z 00404700 f i commands.obj
 0001:00003730       ??_EAbstract_option_cmd@@UAEPAXI@Z 00404730 f i commands.obj
 0001:00003730       ??_GAbstract_option_cmd@@UAEPAXI@Z 00404730 f i commands.obj
 0001:00003760       ?execute@Abstract_option_cmd@@UAEHPAUst_net@@K@Z 00404760 f   commands.obj
 0001:000037a0       ?get_instance_options_list@Abstract_option_cmd@@AAEPAVInstance_options_list@@PBUst_mysql_lex_string@@@Z 004047a0 f   commands.obj
 0001:00003870       ?add_option@Abstract_option_cmd@@QAE_NPBUst_mysql_lex_string@@PAVNamed_value@@@Z 00404870 f   commands.obj
 0001:000038b0       ?init@Abstract_option_cmd@@QAE_NPAPBD@Z 004048b0 f   commands.obj
 0001:00003910       ?parse_args@Set_option@@MAE_NPAPBD@Z 00404910 f   commands.obj
 0001:00003c00       ?parse_args@Unset_option@@MAE_NPAPBD@Z 00404c00 f   commands.obj
 0001:00003e20       ??0Thread_info@@QAE@XZ     00404e20 f i guardian.obj
 0001:00003e30       ??0Thread@@QAE@XZ          00404e30 f i guardian.obj
 0001:00003e40       ??_EThread@@MAEPAXI@Z      00404e40 f i guardian.obj
 0001:00003e40       ??_GThread@@MAEPAXI@Z      00404e40 f i guardian.obj
 0001:00003e70       ?is_guarded@Instance@@QBE_NXZ 00404e70 f i guardian.obj
 0001:00003e80       ?get_state@Instance@@QBE?AW4enum_instance_state@1@XZ 00404e80 f i guardian.obj
 0001:00003e90       ?is_crashed@Instance@@QAE_NXZ 00404e90 f i guardian.obj
 0001:00003ea0       ??0Guardian@@QAE@PAVThread_registry@@PAVInstance_map@@@Z 00404ea0 f   guardian.obj
 0001:00003ef0       ?process_instance@Guardian@@AAEXPAVInstance@@@Z 00404ef0 f   guardian.obj
 0001:00004230       ?ping@Guardian@@QAEXXZ     00405230 f   guardian.obj
 0001:00004240       ?init@Guardian@@QAEXXZ     00405240 f   guardian.obj
 0001:000042b0       ?stop_instances@Guardian@@AAEXXZ 004052b0 f   guardian.obj
 0001:000043d0       ?lock@Guardian@@QAEXXZ     004053d0 f   guardian.obj
 0001:000043e0       ?unlock@Guardian@@QAEXXZ   004053e0 f   guardian.obj
 0001:000043f0       ??1Guardian@@UAE@XZ        004053f0 f   guardian.obj
 0001:00004430       ?request_shutdown@Guardian@@QAEXXZ 00405430 f   guardian.obj
 0001:00004460       ?run@Guardian@@MAEXXZ      00405460 f   guardian.obj
 0001:00004600       ?is_stopped@Guardian@@QAE_NXZ 00405600 f   guardian.obj
 0001:00004630       ??_GGuardian@@UAEPAXI@Z    00405630 f i guardian.obj
 0001:00004630       ??_EGuardian@@UAEPAXI@Z    00405630 f i guardian.obj
 0001:00004670       ?get_thread_registry@Manager@@SAPAVThread_registry@@XZ 00405670 f i instance.obj
 0001:000048b0       ?SafeTerminateProcess@@YAHPAXI@Z 004058b0 f   instance.obj
 0001:000049f0       ?kill@@YAHHH@Z             004059f0 f   instance.obj
 0001:00004a30       ??0Instance_monitor@@QAE@PAVInstance@@@Z 00405a30 f i instance.obj
 0001:00004a50       ??1Instance_monitor@@UAE@XZ 00405a50 f i instance.obj
 0001:00004a60       ?is_name_valid@Instance@@SA_NPBUst_mysql_lex_string@@@Z 00405a60 f   instance.obj
 0001:00004ac0       ?is_mysqld_compatible_name@Instance@@SA_NPBUst_mysql_lex_string@@@Z 00405ac0 f   instance.obj
 0001:00004af0       ?get_instance_state_name@Instance@@CAPBDW4enum_instance_state@1@@Z 00405af0 f   instance.obj
 0001:00004b70       ??0Instance@@QAE@XZ        00405b70 f   instance.obj
 0001:00004be0       ??1Instance@@QAE@XZ        00405be0 f   instance.obj
 0001:00004c20       ?init@Instance@@QAE_NPBUst_mysql_lex_string@@@Z 00405c20 f   instance.obj
 0001:00004c50       ?complete_initialization@Instance@@QAE_NXZ 00405c50 f   instance.obj
 0001:00004c80       ?is_mysqld_running@Instance@@QAE_NXZ 00405c80 f   instance.obj
 0001:00004d80       ?kill_mysqld@Instance@@QAE_NH@Z 00405d80 f   instance.obj
 0001:00004e40       ?lock@Instance@@QAEXXZ     00405e40 f   instance.obj
 0001:00004e60       ?unlock@Instance@@QAEXXZ   00405e60 f   instance.obj
 0001:00004e80       ?reset_stat@Instance@@QAEXXZ 00405e80 f   instance.obj
 0001:00004eb0       ?remove_pid@Instance@@AAEXXZ 00405eb0 f   instance.obj
 0001:00004ef0       ?wait_for_stop@Instance@@AAE_NXZ 00405ef0 f   instance.obj
 0001:00004fa0       ??_EInstance_monitor@@UAEPAXI@Z 00405fa0 f i instance.obj
 0001:00004fa0       ??_GInstance_monitor@@UAEPAXI@Z 00405fa0 f i instance.obj
 0001:00004fd0       ?start_and_monitor_instance@Instance_monitor@@IAEXXZ 00405fd0 f   instance.obj
 0001:00005140       ?is_active@Instance@@QAE_NXZ 00406140 f   instance.obj
 0001:00005170       ?start_mysqld@Instance@@QAE_NXZ 00406170 f   instance.obj
 0001:00005210       ?stop_mysqld@Instance@@QAE_NXZ 00406210 f   instance.obj
 0001:00005300       ?get_state_name@Instance@@QAEPBDXZ 00406300 f   instance.obj
 0001:00005350       ?run@Instance_monitor@@MAEXXZ 00406350 f   instance.obj
 0001:00005390       ??_GInstance@@QAEPAXI@Z    00406390 f i instance_map.obj
 0001:00005420       ??0Instance_map@@QAE@XZ    00406420 f   instance_map.obj
 0001:00005440       ?lock@Instance_map@@QAEXXZ 00406440 f   instance_map.obj
 0001:00005450       ?unlock@Instance_map@@QAEXXZ 00406450 f   instance_map.obj
 0001:00005460       ?add_instance@Instance_map@@QAEHPAVInstance@@@Z 00406460 f   instance_map.obj
 0001:00005480       ?remove_instance@Instance_map@@QAEHPAVInstance@@@Z 00406480 f   instance_map.obj
 0001:000054a0       ?create_instance@Instance_map@@QAEHPBUst_mysql_lex_string@@PBVNamed_value_arr@@@Z 004064a0 f   instance_map.obj
 0001:00005680       ?find@Instance_map@@QAEPAVInstance@@PBUst_mysql_lex_string@@@Z 00406680 f   instance_map.obj
 0001:000056a0       ?go_to_first@Iterator@Instance_map@@QAEXXZ 004066a0 f   instance_map.obj
 0001:000056b0       ?next@Iterator@Instance_map@@QAEPAVInstance@@XZ 004066b0 f   instance_map.obj
 0001:000056e0       ?create_instance_in_file@@YAHPBUst_mysql_lex_string@@PBVNamed_value_arr@@@Z 004066e0 f   instance_map.obj
 0001:000059e0       ?process_one_option@Instance_map@@QAEHPBUst_mysql_lex_string@@PBD@Z 004069e0 f   instance_map.obj
 0001:00005ba0       ?init@Instance_map@@QAE_NXZ 00406ba0 f   instance_map.obj
 0001:00005be0       ?reset@Instance_map@@QAE_NXZ 00406be0 f   instance_map.obj
 0001:00005c00       ??1Instance_map@@QAE@XZ    00406c00 f   instance_map.obj
 0001:00005ca0       ?is_there_active_instance@Instance_map@@QAE_NXZ 00406ca0 f   instance_map.obj
 0001:00005d10       ?complete_initialization@Instance_map@@AAE_NXZ 00406d10 f   instance_map.obj
 0001:00005e50       ?load@Instance_map@@QAEHXZ 00406e50 f   instance_map.obj
 0001:00005f70       ?strstr@@YAPADPADPBD@Z     00406f70 f i instance_options.obj
 0001:00005f80       ?alloc_str@Named_value@@SAPADPBD@Z 00406f80 f i instance_options.obj
 0001:00005fa0       ?remove_element@Named_value_arr@@QAEXH@Z 00406fa0 f i instance_options.obj
 0001:00006010       ?replace_element@Named_value_arr@@QAE_NHPAVNamed_value@@@Z 00407010 f i instance_options.obj
 0001:00006170       ?is_option_im_specific@Instance_options@@SA_NPBD@Z 00407170 f   instance_options.obj
 0001:000061e0       ??0Instance_options@@QAE@XZ 004071e0 f   instance_options.obj
 0001:00006280       ?get_default_option@Instance_options@@AAEHPADIPBD@Z 00407280 f   instance_options.obj
 0001:00006360       ?fill_instance_version@Instance_options@@AAE_NXZ 00407360 f   instance_options.obj
 0001:00006500       ?fill_mysqld_real_path@Instance_options@@AAE_NXZ 00407500 f   instance_options.obj
 0001:000066b0       ?fill_log_options@Instance_options@@AAE_NXZ 004076b0 f   instance_options.obj
 0001:00006aa0       ?get_pid_filename@Instance_options@@QAEHPAD@Z 00407aa0 f   instance_options.obj
 0001:00006b60       ?unlink_pidfile@Instance_options@@QAEHXZ 00407b60 f   instance_options.obj
 0001:00006b70       ?load_pid@Instance_options@@QAEHXZ 00407b70 f   instance_options.obj
 0001:00006be0       ?update_var@Instance_options@@AAEXPBD0@Z 00407be0 f   instance_options.obj
 0001:00006d40       ?find_option@Instance_options@@AAEHPBD@Z 00407d40 f   instance_options.obj
 0001:00006e00       ?add_to_argv@Instance_options@@AAEHPBD@Z 00407e00 f   instance_options.obj
 0001:00006e30       ?print_argv@Instance_options@@QAEXXZ 00407e30 f   instance_options.obj
 0001:00006e90       ?init@Instance_options@@QAE_NPBUst_mysql_lex_string@@@Z 00407e90 f   instance_options.obj
 0001:00006f10       ??1Instance_options@@QAE@XZ 00407f10 f   instance_options.obj
 0001:00006f40       ?get_shutdown_delay@Instance_options@@QBEIXZ 00407f40 f   instance_options.obj
 0001:00006f60       ?get_mysqld_port@Instance_options@@QBEHXZ 00407f60 f   instance_options.obj
 0001:00006f80       ?set_option@Instance_options@@QAE_NPAVNamed_value@@@Z 00407f80 f   instance_options.obj
 0001:00007090       ?unset_option@Instance_options@@QAEXPBD@Z 00408090 f   instance_options.obj
 0001:000070d0       ?complete_initialization@Instance_options@@QAE_NXZ 004080d0 f   instance_options.obj
 0001:000074a0       ?is_shutdown@Thread_registry@@QAE_NXZ 004084a0 f i listener.obj
 0001:00007510       ??0Listener@@QAE@PAVThread_registry@@PAVUser_map@@@Z 00408510 f   listener.obj
 0001:00007540       ??1Listener@@UAE@XZ        00408540 f i listener.obj
 0001:00007550       ?create_tcp_socket@Listener@@AAEHXZ 00408550 f   listener.obj
 0001:00007740       ?handle_new_mysql_connection@Listener@@AAEXPAUst_vio@@@Z 00408740 f   listener.obj
 0001:000077d0       ??_EListener@@UAEPAXI@Z    004087d0 f i listener.obj
 0001:000077d0       ??_GListener@@UAEPAXI@Z    004087d0 f i listener.obj
 0001:00007800       ?run@Listener@@MAEXXZ      00408800 f   listener.obj
 0001:00007cb0       ?log_init@@YAXXZ           00408cb0 f   log.obj
 0001:00007cd0       ?log_error@@YAXPBDZZ       00408cd0 f   log.obj
 0001:00007d40       ?log_info@@YAXPBDZZ        00408d40 f   log.obj
 0001:00007d70       ?die@@YAXPBDZZ             00408d70 f   log.obj
 0001:00007de0       ?onsignal@@YAXH@Z          00408de0 f   manager.obj
 0001:00007df0       ?set_signals@@YAXPAH@Z     00408df0 f   manager.obj
 0001:00007e20       ?my_sigwait@@YAHPBHPAH@Z   00408e20 f   manager.obj
 0001:00007e50       ??0ThreadModelChecker@?A0xaa3af1e8@@QAE@XZ 00408e50 f i manager.obj
 0001:00007e70       ?is_linux_threads@ThreadModelChecker@?A0xaa3af1e8@@QBE_NXZ 00408e70 f i manager.obj
 0001:00007e80       ?run@ThreadModelChecker@?A0xaa3af1e8@@MAEXXZ 00408e80 f i manager.obj
 0001:00007ea0       ??1ThreadModelChecker@?A0xaa3af1e8@@UAE@XZ 00408ea0 f i manager.obj
 0001:00007eb0       ?check_if_linux_threads@?A0xaa3af1e8@@YA_NPA_N@Z 00408eb0 f   manager.obj
 0001:00007f20       ?stop_all_threads@Manager@@CAXXZ 00408f20 f   manager.obj
 0001:00007f50       ?init_user_map@Manager@@CA_NPAVUser_map@@@Z 00408f50 f   manager.obj
 0001:00007fe0       ?flush_instances@Manager@@SAHXZ 00408fe0 f   manager.obj
 0001:00008080       ??_EThreadModelChecker@?A0xaa3af1e8@@UAEPAXI@Z 00409080 f i manager.obj
 0001:00008080       ??_GThreadModelChecker@?A0xaa3af1e8@@UAEPAXI@Z 00409080 f i manager.obj
 0001:000080b0       ?main@Manager@@SAHXZ       004090b0 f   manager.obj
 0001:00008580       ?message@@YAPBDI@Z         00409580 f   messages.obj
 0001:00008590       ?errno_to_sqlstate@@YAPBDI@Z 00409590 f   messages.obj
 0001:000085b0       ??0Mysql_connection@@QAE@PAVThread_registry@@PAVUser_map@@PAUst_vio@@K@Z 004095b0 f   mysql_connection.obj
 0001:000085e0       _my_net_local_init         004095e0 f   mysql_connection.obj
 0001:00008630       _slave_io_thread_detach_vio 00409630 f   mysql_connection.obj
 0001:00008640       ?init@Mysql_connection@@AAE_NXZ 00409640 f   mysql_connection.obj
 0001:000086f0       ?cleanup@Mysql_connection@@AAEXXZ 004096f0 f   mysql_connection.obj
 0001:00008720       ??1Mysql_connection@@UAE@XZ 00409720 f   mysql_connection.obj
 0001:00008750       ?check_connection@Mysql_connection@@AAEHXZ 00409750 f   mysql_connection.obj
 0001:000089e0       ?dispatch_command@Mysql_connection@@AAEHW4enum_server_command@@PBD@Z 004099e0 f   mysql_connection.obj
 0001:00008b70       ??_EMysql_connection@@UAEPAXI@Z 00409b70 f i mysql_connection.obj
 0001:00008b70       ??_GMysql_connection@@UAEPAXI@Z 00409b70 f i mysql_connection.obj
 0001:00008ba0       ?do_command@Mysql_connection@@AAEHXZ 00409ba0 f   mysql_connection.obj
 0001:00008c90       ?main@Mysql_connection@@AAEXXZ 00409c90 f   mysql_connection.obj
 0001:00008d50       ?run@Mysql_connection@@MAEXXZ 00409d50 f   mysql_connection.obj
 0001:00008df0       _main                      00409df0 f   mysqlmanager.obj
 0001:00008e80       ?strchr@@YAPADPADH@Z       00409e80 f i options.obj
 0001:00008e90       ?strrchr@@YAPADPADH@Z      00409e90 f i options.obj
 0001:00008ea0       ??0User_management_cmd@@QAE@XZ 00409ea0 f i options.obj
 0001:00008eb0       ??1User_management_cmd@@UAE@XZ 00409eb0 f i options.obj
 0001:00008ec0       ??_EUser_management_cmd@@UAEPAXI@Z 00409ec0 f i options.obj
 0001:00008ec0       ??_GUser_management_cmd@@UAEPAXI@Z 00409ec0 f i options.obj
 0001:00008ef0       ??0Print_password_line_cmd@@QAE@XZ 00409ef0 f i options.obj
 0001:00008f00       ??1Print_password_line_cmd@@UAE@XZ 00409f00 f i options.obj
 0001:00008f10       ??0Add_user_cmd@@QAE@XZ    00409f10 f i options.obj
 0001:00008f20       ??1Add_user_cmd@@UAE@XZ    00409f20 f i options.obj
 0001:00008f30       ??0Drop_user_cmd@@QAE@XZ   00409f30 f i options.obj
 0001:00008f40       ??1Drop_user_cmd@@UAE@XZ   00409f40 f i options.obj
 0001:00008f50       ??0Edit_user_cmd@@QAE@XZ   00409f50 f i options.obj
 0001:00008f60       ??1Edit_user_cmd@@UAE@XZ   00409f60 f i options.obj
 0001:00008f70       ??0Clean_db_cmd@@QAE@XZ    00409f70 f i options.obj
 0001:00008f80       ??1Clean_db_cmd@@UAE@XZ    00409f80 f i options.obj
 0001:00008f90       ??0Check_db_cmd@@QAE@XZ    00409f90 f i options.obj
 0001:00008fa0       ??1Check_db_cmd@@UAE@XZ    00409fa0 f i options.obj
 0001:00008fb0       ??0List_users_cmd@@QAE@XZ  00409fb0 f i options.obj
 0001:00008fc0       ??1List_users_cmd@@UAE@XZ  00409fc0 f i options.obj
 0001:00009350       ?cleanup@Options@@SAXXZ    0040a350 f   options.obj
 0001:00009520       ??_EPrint_password_line_cmd@@UAEPAXI@Z 0040a520 f i options.obj
 0001:00009520       ??_GPrint_password_line_cmd@@UAEPAXI@Z 0040a520 f i options.obj
 0001:00009550       ??_EAdd_user_cmd@@UAEPAXI@Z 0040a550 f i options.obj
 0001:00009550       ??_GAdd_user_cmd@@UAEPAXI@Z 0040a550 f i options.obj
 0001:00009580       ??_EDrop_user_cmd@@UAEPAXI@Z 0040a580 f i options.obj
 0001:00009580       ??_GDrop_user_cmd@@UAEPAXI@Z 0040a580 f i options.obj
 0001:000095b0       ??_EEdit_user_cmd@@UAEPAXI@Z 0040a5b0 f i options.obj
 0001:000095b0       ??_GEdit_user_cmd@@UAEPAXI@Z 0040a5b0 f i options.obj
 0001:000095e0       ??_GClean_db_cmd@@UAEPAXI@Z 0040a5e0 f i options.obj
 0001:000095e0       ??_EClean_db_cmd@@UAEPAXI@Z 0040a5e0 f i options.obj
 0001:00009610       ??_GCheck_db_cmd@@UAEPAXI@Z 0040a610 f i options.obj
 0001:00009610       ??_ECheck_db_cmd@@UAEPAXI@Z 0040a610 f i options.obj
 0001:00009640       ??_GList_users_cmd@@UAEPAXI@Z 0040a640 f i options.obj
 0001:00009640       ??_EList_users_cmd@@UAEPAXI@Z 0040a640 f i options.obj
 0001:00009670       ?load@Options@@SAHHPAPAD@Z 0040a670 f   options.obj
 0001:000097f0       ??0Show_instances@@QAE@XZ  0040a7f0 f i parse.obj
 0001:00009810       ??1Show_instances@@UAE@XZ  0040a810 f i parse.obj
 0001:00009820       ??0Flush_instances@@QAE@XZ 0040a820 f i parse.obj
 0001:00009840       ??1Flush_instances@@UAE@XZ 0040a840 f i parse.obj
 0001:00009850       ??0Set_option@@QAE@XZ      0040a850 f i parse.obj
 0001:00009870       ??1Set_option@@UAE@XZ      0040a870 f i parse.obj
 0001:00009880       ??0Unset_option@@QAE@XZ    0040a880 f i parse.obj
 0001:000098a0       ??1Unset_option@@UAE@XZ    0040a8a0 f i parse.obj
 0001:000098b0       ??0Syntax_error@@QAE@XZ    0040a8b0 f i parse.obj
 0001:000098d0       ??1Syntax_error@@UAE@XZ    0040a8d0 f i parse.obj
 0001:000098e0       ??0Named_value_arr@@QAE@XZ 0040a8e0 f   parse.obj
 0001:000098f0       ?init@Named_value_arr@@QAE_NXZ 0040a8f0 f   parse.obj
 0001:00009920       ??1Named_value_arr@@QAE@XZ 0040a920 f   parse.obj
 0001:000099b0       ?find_token@@YA?AW4Token@@PBDI@Z 0040a9b0 f i parse.obj
 0001:00009a10       ?get_token@@YA?AW4Token@@PAPBDPAI@Z 0040aa10 f   parse.obj
 0001:00009a50       ?shift_token@@YA?AW4Token@@PAPBDPAI@Z 0040aa50 f   parse.obj
 0001:00009a80       ?get_text_id@@YAHPAPBDPAUst_mysql_lex_string@@@Z 0040aa80 f   parse.obj
 0001:00009b00       ?parse_option_value@@YA_NPBDPAIPAPAD@Z 0040ab00 f   parse.obj
 0001:00009ca0       ?skip_spaces@@YAXPAPBD@Z   0040aca0 f   parse.obj
 0001:00009ce0       ?parse_command@@YAPAVCommand@@PBD@Z 0040ace0 f   parse.obj
 0001:0000a430       ??_EShow_instances@@UAEPAXI@Z 0040b430 f i parse.obj
 0001:0000a430       ??_GShow_instances@@UAEPAXI@Z 0040b430 f i parse.obj
 0001:0000a460       ??_EFlush_instances@@UAEPAXI@Z 0040b460 f i parse.obj
 0001:0000a460       ??_GFlush_instances@@UAEPAXI@Z 0040b460 f i parse.obj
 0001:0000a490       ??_GSet_option@@UAEPAXI@Z  0040b490 f i parse.obj
 0001:0000a490       ??_ESet_option@@UAEPAXI@Z  0040b490 f i parse.obj
 0001:0000a4c0       ??_GUnset_option@@UAEPAXI@Z 0040b4c0 f i parse.obj
 0001:0000a4c0       ??_EUnset_option@@UAEPAXI@Z 0040b4c0 f i parse.obj
 0001:0000a4f0       ??_GSyntax_error@@UAEPAXI@Z 0040b4f0 f i parse.obj
 0001:0000a4f0       ??_ESyntax_error@@UAEPAXI@Z 0040b4f0 f i parse.obj
 0001:0000a520       ?trim_space@?A0x1beba216@@YAXPAPBDPAI@Z 0040b520 f   parse_output.obj
 0001:0000a5a0       ??0Mysqld_output_parser@?A0x1beba216@@QAE@XZ 0040b5a0 f i parse_output.obj
 0001:0000a5b0       ??1Mysqld_output_parser@?A0x1beba216@@UAE@XZ 0040b5b0 f i parse_output.obj
 0001:0000a5c0       ??_EMysqld_output_parser@?A0x1beba216@@UAEPAXI@Z 0040b5c0 f i parse_output.obj
 0001:0000a5c0       ??_GMysqld_output_parser@?A0x1beba216@@UAEPAXI@Z 0040b5c0 f i parse_output.obj
 0001:0000a5f0       ?parse@Mysqld_output_parser@?A0x1beba216@@QAE_NPBD0IPADIW4enum_option_type@@@Z 0040b5f0 f   parse_output.obj
 0001:0000a750       ??0Mysqld_output_parser_win@?A0x1beba216@@QAE@XZ 0040b750 f i parse_output.obj
 0001:0000a770       ??1Mysqld_output_parser_win@?A0x1beba216@@UAE@XZ 0040b770 f i parse_output.obj
 0001:0000a780       ?run_command@Mysqld_output_parser_win@?A0x1beba216@@MAE_NPBD@Z 0040b780 f   parse_output.obj
 0001:0000a880       ?read_line@Mysqld_output_parser_win@?A0x1beba216@@MAE_NPADI@Z 0040b880 f   parse_output.obj
 0001:0000a930       ?cleanup@Mysqld_output_parser_win@?A0x1beba216@@MAE_NXZ 0040b930 f   parse_output.obj
 0001:0000a960       ?parse_output_and_get_value@@YA_NPBD0IPADIW4enum_option_type@@@Z 0040b960 f   parse_output.obj
 0001:0000a9c0       ??_EMysqld_output_parser_win@?A0x1beba216@@UAEPAXI@Z 0040b9c0 f i parse_output.obj
 0001:0000a9c0       ??_GMysqld_output_parser_win@?A0x1beba216@@UAEPAXI@Z 0040b9c0 f i parse_output.obj
 0001:0000a9f0       ?create_pid_file@@YA_NPBDH@Z 0040b9f0 f   priv.obj
 0001:0000aac0       ?net_send_error@@YAHPAUst_net@@I@Z 0040bac0 f   protocol.obj
 0001:0000abb0       ?net_send_error_323@@YAHPAUst_net@@I@Z 0040bbb0 f   protocol.obj
 0001:0000ac80       ?net_store_length@@YAPADPADI@Z 0040bc80 f   protocol.obj
 0001:0000acb0       ?store_to_protocol_packet@@YAHPAVBuffer@@PBDPAII@Z 0040bcb0 f   protocol.obj
 0001:0000ad30       ?store_to_protocol_packet@@YAHPAVBuffer@@PBDPAI@Z 0040bd30 f   protocol.obj
 0001:0000ad70       ?send_eof@@YAHPAUst_net@@@Z 0040bd70 f   protocol.obj
 0001:0000add0       ?send_fields@@YAHPAUst_net@@PAUst_list@@@Z 0040bdd0 f   protocol.obj
 0001:0000b000       ?net_send_ok@@YAHPAUst_net@@KPBD@Z 0040c000 f   protocol.obj
 0001:0000b140       ?init@Thread_info@@AAEX_N@Z 0040c140 f   thread_registry.obj
 0001:0000b160       ??0Thread_registry@@QAE@XZ 0040c160 f   thread_registry.obj
 0001:0000b1b0       ??1Thread_registry@@QAE@XZ 0040c1b0 f   thread_registry.obj
 0001:0000b210       ?register_thread@Thread_registry@@QAEXPAVThread_info@@_N@Z 0040c210 f   thread_registry.obj
 0001:0000b270       ?unregister_thread@Thread_registry@@QAEXPAVThread_info@@@Z 0040c270 f   thread_registry.obj
 0001:0000b2d0       ?cond_wait@Thread_registry@@QAEHPAVThread_info@@PAUpthread_cond_t@@PAU_RTL_CRITICAL_SECTION@@@Z 0040c2d0 f   thread_registry.obj
 0001:0000b350       ?cond_timedwait@Thread_registry@@QAEHPAVThread_info@@PAUpthread_cond_t@@PAU_RTL_CRITICAL_SECTION@@PAUtimespec@@@Z 0040c350 f   thread_registry.obj
 0001:0000b3e0       ?request_shutdown@Thread_registry@@QAEXXZ 0040c3e0 f   thread_registry.obj
 0001:0000b400       ?interrupt_threads@Thread_registry@@AAEXXZ 0040c400 f   thread_registry.obj
 0001:0000b460       ?wait_for_threads_to_unregister@Thread_registry@@AAEXXZ 0040c460 f   thread_registry.obj
 0001:0000b4f0       ??1Thread@@MAE@XZ          0040c4f0 f   thread_registry.obj
 0001:0000b500       ?thread_func@Thread@@CAPAXPAX@Z 0040c500 f   thread_registry.obj
 0001:0000b520       ?start@Thread@@QAE_NW4enum_thread_type@1@@Z 0040c520 f   thread_registry.obj
 0001:0000b5a0       ?join@Thread@@QAE_NXZ      0040c5a0 f   thread_registry.obj
 0001:0000b5c0       ?get_error_status@Thread_registry@@QAEHXZ 0040c5c0 f   thread_registry.obj
 0001:0000b5f0       ?set_error_status@Thread_registry@@QAEXXZ 0040c5f0 f   thread_registry.obj
 0001:0000b620       ?deliver_shutdown@Thread_registry@@QAEXXZ 0040c620 f   thread_registry.obj
 0001:0000b670       ??0User@@QAE@XZ            0040c670 f i user_map.obj
 0001:0000b680       ?set_password@User@@QAEXPBD@Z 0040c680 f i user_map.obj
 0001:0000b6a0       ??0Iterator@User_map@@QAE@PAV1@@Z 0040c6a0 f i user_map.obj
 0001:0000b6c0       ??0User@@QAE@PBUst_mysql_lex_string@@PBD@Z 0040c6c0 f   user_map.obj
 0001:0000b700       ?init@User@@QAEHPBD@Z      0040c700 f   user_map.obj
 0001:0000b8b0       ?reset@Iterator@User_map@@QAEXXZ 0040c8b0 f   user_map.obj
 0001:0000b8c0       ?next@Iterator@User_map@@QAEPAUUser@@XZ 0040c8c0 f   user_map.obj
 0001:0000b8f0       ?init@User_map@@QAEHXZ     0040c8f0 f   user_map.obj
 0001:0000b940       ??0User_map@@QAE@XZ        0040c940 f   user_map.obj
 0001:0000b950       ??1User_map@@QAE@XZ        0040c950 f   user_map.obj
 0001:0000b970       ?load@User_map@@QAEHPBDPAPBD@Z 0040c970 f   user_map.obj
 0001:0000bcc0       ?save@User_map@@QAEHPBDPAPBD@Z 0040ccc0 f   user_map.obj
 0001:0000be10       ?find_user@User_map@@QAEPAUUser@@PBUst_mysql_lex_string@@@Z 0040ce10 f   user_map.obj
 0001:0000be30       ?find_user@User_map@@QBEPBUUser@@PBUst_mysql_lex_string@@@Z 0040ce30 f   user_map.obj
 0001:0000be40       ?add_user@User_map@@QAE_NPAUUser@@@Z 0040ce40 f   user_map.obj
 0001:0000be60       ?remove_user@User_map@@QAE_NPAUUser@@@Z 0040ce60 f   user_map.obj
 0001:0000be80       ?authenticate@User_map@@QBEHPBUst_mysql_lex_string@@PBD1@Z 0040ce80 f   user_map.obj
 0001:0000bec0       ??0IMService@@AAE@XZ       0040cec0 f   IMService.obj
 0001:0000bef0       ?Shutdown@WindowsService@@MAEXXZ 0040cef0 f i IMService.obj
 0001:0000bf00       ?Pause@WindowsService@@MAEXXZ 0040cf00 f i IMService.obj
 0001:0000bf10       ?Continue@WindowsService@@MAEXXZ 0040cf10 f i IMService.obj
 0001:0000bf20       ??1IMService@@AAE@XZ       0040cf20 f   IMService.obj
 0001:0000bf30       ?Stop@IMService@@MAEXXZ    0040cf30 f   IMService.obj
 0001:0000bf50       ?Run@IMService@@MAEXKPAPAD@Z 0040cf50 f   IMService.obj
 0001:0000bfb0       ?Log@IMService@@MAEXPBD@Z  0040cfb0 f   IMService.obj
 0001:0000bfd0       ?main@IMService@@SAHXZ     0040cfd0 f   IMService.obj
 0001:0000c140       ??0WindowsService@@QAE@PBD0@Z 0040d140 f   WindowsService.obj
 0001:0000c190       ?Stop@WindowsService@@MAEXXZ 0040d190 f i WindowsService.obj
 0001:0000c1a0       ?Log@WindowsService@@MAEXPBD@Z 0040d1a0 f i WindowsService.obj
 0001:0000c1b0       ??1WindowsService@@QAE@XZ  0040d1b0 f   WindowsService.obj
 0001:0000c1c0       ?IsInstalled@WindowsService@@QAEHXZ 0040d1c0 f   WindowsService.obj
 0001:0000c210       ?SetAcceptedControls@WindowsService@@QAEXK@Z 0040d210 f   WindowsService.obj
 0001:0000c220       ?ReportStatus@WindowsService@@IAEHKKK@Z 0040d220 f   WindowsService.obj
 0001:0000c2e0       ?HandleControlCode@WindowsService@@IAEXK@Z 0040d2e0 f   WindowsService.obj
 0001:0000c380       ?ControlHandler@WindowsService@@SGXK@Z 0040d380 f   WindowsService.obj
 0001:0000c390       ?Install@WindowsService@@QAEHPBD0@Z 0040d390 f   WindowsService.obj
 0001:0000c480       ?Remove@WindowsService@@QAEHXZ 0040d480 f   WindowsService.obj
 0001:0000c510       ?RegisterAndRun@WindowsService@@IAEXKPAPAD@Z 0040d510 f   WindowsService.obj
 0001:0000c580       ?ServiceMain@WindowsService@@SGXKPAPAD@Z 0040d580 f   WindowsService.obj
 0001:0000c590       ?Init@WindowsService@@QAEHXZ 0040d590 f   WindowsService.obj
 0001:0000c860       ?execute@Print_password_line_cmd@@UAEHXZ 0040d860 f   user_management_commands.obj
 0001:0000c920       ?execute@Add_user_cmd@@UAEHXZ 0040d920 f   user_management_commands.obj
 0001:0000ca70       ?execute@Drop_user_cmd@@UAEHXZ 0040da70 f   user_management_commands.obj
 0001:0000cb40       ?execute@Edit_user_cmd@@UAEHXZ 0040db40 f   user_management_commands.obj
 0001:0000cc40       ?execute@Clean_db_cmd@@UAEHXZ 0040dc40 f   user_management_commands.obj
 0001:0000ccc0       ?execute@Check_db_cmd@@UAEHXZ 0040dcc0 f   user_management_commands.obj
 0001:0000cd00       ?execute@List_users_cmd@@UAEHXZ 0040dd00 f   user_management_commands.obj
 0001:0000cdb0       _my_net_init               0040ddb0 f   net_serv.obj
 0001:0000ce60       _net_end                   0040de60 f   net_serv.obj
 0001:0000ce80       _net_realloc               0040de80 f   net_serv.obj
 0001:0000cfb0       _net_clear                 0040dfb0 f   net_serv.obj
 0001:0000d030       _net_real_write            0040e030 f   net_serv.obj
 0001:0000d4d0       _my_net_read               0040e4d0 f   net_serv.obj
 0001:0000d720       _my_net_set_read_timeout   0040e720 f   net_serv.obj
 0001:0000d750       _my_net_set_write_timeout  0040e750 f   net_serv.obj
 0001:0000d780       _net_flush                 0040e780 f   net_serv.obj
 0001:0000d8e0       _my_net_write              0040e8e0 f   net_serv.obj
 0001:0000d9e0       _net_write_command         0040e9e0 f   net_serv.obj
 0001:0000dbb0       _net_field_length@4        0040ebb0 f   pack.obj
 0001:0000dc20       _net_field_length_ll       0040ec20 f   pack.obj
 0001:0000dc90       _net_store_length          0040ec90 f   pack.obj
 0001:0000dd30       _randominit                0040ed30 f   password.obj
 0001:0000dd70       _my_rnd                    0040ed70 f   password.obj
 0001:0000ddc0       _hash_password             0040edc0 f   password.obj
 0001:0000de60       _my_make_scrambled_password_323 0040ee60 f   password.obj
 0001:0000deb0       _make_scrambled_password_323 0040eeb0 f   password.obj
 0001:0000def0       _scramble_323              0040eef0 f   password.obj
 0001:0000e040       _check_scramble_323        0040f040 f   password.obj
 0001:0000e1e0       _get_salt_from_password_323 0040f1e0 f   password.obj
 0001:0000e350       _make_password_from_salt_323 0040f350 f   password.obj
 0001:0000e380       _create_random_string      0040f380 f   password.obj
 0001:0000e3e0       _octet2hex                 0040f3e0 f   password.obj
 0001:0000e510       _my_make_scrambled_password 0040f510 f   password.obj
 0001:0000e5e0       _make_scrambled_password   0040f5e0 f   password.obj
 0001:0000e620       _scramble                  0040f620 f   password.obj
 0001:0000e760       _check_scramble            0040f760 f   password.obj
 0001:0000e920       _get_salt_from_password    0040f920 f   password.obj
 0001:0000e940       _make_password_from_salt   0040f940 f   password.obj
 0001:0000e970       _mysql_errno_to_sqlstate   0040f970 f   sql_state.obj
 0001:0000e9d0       _my_connect                0040f9d0 f   client.obj
 0001:0000e9f0       _set_mysql_error           0040f9f0 f   client.obj
 0001:0000ea60       _net_clear_error           0040fa60 f   client.obj
 0001:0000eae0       _create_named_pipe         0040fae0 f   client.obj
 0001:0000ed30       _free_rows                 0040fd30 f   client.obj
 0001:0000ed60       _free_old_query            0040fd60 f   client.obj
 0001:0000ee10       _mysql_free_result@4       0040fe10 f   client.obj
 0001:0000ef50       _mysql_read_default_options 0040ff50 f   client.obj
 0001:0000f500       _unpack_fields             00410500 f   client.obj
 0001:0000f8e0       _mysql_init@4              004108e0 f   client.obj
 0001:0000f9d0       _mysql_ssl_set@24          004109d0 f   client.obj
 0001:0000fb50       _mysql_get_ssl_cipher@4    00410b50 f   client.obj
 0001:0000fcd0       _mysql_init_character_set  00410cd0 f   client.obj
 0001:0000ff70       _mysql_select_db@8         00410f70 f   client.obj
 0001:00010220       _mysql_detach_stmt_list    00411220 f   client.obj
 0001:00010230       _mysql_send_query@12       00411230 f   client.obj
 0001:00010270       _mysql_real_query@12       00411270 f   client.obj
 0001:000102c0       _mysql_store_result@4      004112c0 f   client.obj
 0001:00010590       _mysql_fetch_lengths@4     00411590 f   client.obj
 0001:000105d0       _mysql_options@12          004115d0 f   client.obj
 0001:00010920       _mysql_num_rows@4          00411920 f   client.obj
 0001:00010930       _mysql_num_fields@4        00411930 f   client.obj
 0001:00010940       _mysql_errno@4             00411940 f   client.obj
 0001:00010960       _mysql_error@4             00411960 f   client.obj
 0001:00010980       _mysql_get_server_version@4 00411980 f   client.obj
 0001:000109f0       _mysql_set_character_set@8 004119f0 f   client.obj
 0001:00010b40       _end_server                00411b40 f   client.obj
 0001:00010ba0       _mysql_close@4             00411ba0 f   client.obj
 0001:00010c80       _cli_safe_read             00411c80 f   client.obj
 0001:00010e60       _cli_read_rows             00411e60 f   client.obj
 0001:00011260       _mysql_real_connect@32     00412260 f   client.obj
 0001:000121e0       _mysql_reconnect           004131e0 f   client.obj
 0001:00012650       _mysql_fetch_row@4         00413650 f   client.obj
 0001:00012740       _cli_advanced_command      00413740 f   client.obj
 0001:00012920       _get_tty_password          00413920 f   get_password.obj
 0001:00012a50       _init_client_errs          00413a50 f   errmsg.obj
 0001:00012a70       _finish_client_errs        00413a70 f   errmsg.obj
 0001:00012a88       _InitializeCriticalSection@4 00413a88 f   kernel32:KERNEL32.dll
 0001:00012a8e       _EnterCriticalSection@4    00413a8e f   kernel32:KERNEL32.dll
 0001:00012a94       _LeaveCriticalSection@4    00413a94 f   kernel32:KERNEL32.dll
 0001:00012a9a       _DeleteCriticalSection@4   00413a9a f   kernel32:KERNEL32.dll
 0001:00012aa0       _GetSystemTimeAsFileTime@4 00413aa0 f   kernel32:KERNEL32.dll
 0001:00012aa6       _CloseHandle@4             00413aa6 f   kernel32:KERNEL32.dll
 0001:00012aac       _GetExitCodeProcess@8      00413aac f   kernel32:KERNEL32.dll
 0001:00012ab2       _WaitForSingleObject@8     00413ab2 f   kernel32:KERNEL32.dll
 0001:00012ab8       _CreateProcessA@40         00413ab8 f   kernel32:KERNEL32.dll
 0001:00012abe       _SetLastError@4            00413abe f   kernel32:KERNEL32.dll
 0001:00012ac4       _GetLastError@0            00413ac4 f   kernel32:KERNEL32.dll
 0001:00012aca       _CreateRemoteThread@28     00413aca f   kernel32:KERNEL32.dll
 0001:00012ad0       _GetProcAddress@8          00413ad0 f   kernel32:KERNEL32.dll
 0001:00012ad6       _DuplicateHandle@28        00413ad6 f   kernel32:KERNEL32.dll
 0001:00012adc       _GetCurrentProcess@0       00413adc f   kernel32:KERNEL32.dll
 0001:00012ae2       _GetModuleHandleA@4        00413ae2 f   kernel32:KERNEL32.dll
 0001:00012ae8       _TerminateProcess@8        00413ae8 f   kernel32:KERNEL32.dll
 0001:00012aee       _OpenProcess@12            00413aee f   kernel32:KERNEL32.dll
 0001:00012af4       _GetCurrentThreadId@0      00413af4 f   kernel32:KERNEL32.dll
 0001:00012afa       _Sleep@4                   00413afa f   kernel32:KERNEL32.dll
 0001:00012b00       _GetFullPathNameA@16       00413b00 f   kernel32:KERNEL32.dll
 0001:00012b06       _GetModuleFileNameA@12     00413b06 f   kernel32:KERNEL32.dll
 0001:00012b0c       _SetHandleInformation@12   00413b0c f   kernel32:KERNEL32.dll
 0001:00012b12       _CreatePipe@16             00413b12 f   kernel32:KERNEL32.dll
 0001:00012b18       _ReadFile@20               00413b18 f   kernel32:KERNEL32.dll
 0001:00012b1e       _SetNamedPipeHandleState@16 00413b1e f   kernel32:KERNEL32.dll
 0001:00012b24       _WaitNamedPipeA@8          00413b24 f   kernel32:KERNEL32.dll
 0001:00012b2a       _CreateFileA@28            00413b2a f   kernel32:KERNEL32.dll
 0001:00012b30       _CloseServiceHandle@4      00413b30 f   advapi32:ADVAPI32.dll
 0001:00012b36       _OpenServiceA@12           00413b36 f   advapi32:ADVAPI32.dll
 0001:00012b3c       _OpenSCManagerA@12         00413b3c f   advapi32:ADVAPI32.dll
 0001:00012b42       _SetServiceStatus@8        00413b42 f   advapi32:ADVAPI32.dll
 0001:00012b48       _CreateServiceA@52         00413b48 f   advapi32:ADVAPI32.dll
 0001:00012b4e       _DeleteService@4           00413b4e f   advapi32:ADVAPI32.dll
 0001:00012b54       _RegisterServiceCtrlHandlerA@8 00413b54 f   advapi32:ADVAPI32.dll
 0001:00012b5a       _StartServiceCtrlDispatcherA@4 00413b5a f   advapi32:ADVAPI32.dll
 0001:00012b60       _my_realloc                00413b60 f   mysys:my_realloc.obj
 0001:00012be0       _my_malloc                 00413be0 f   mysys:my_malloc.obj
 0001:00012c60       _my_no_flags_free          00413c60 f   mysys:my_malloc.obj
 0001:00012c80       _my_memdup                 00413c80 f   mysys:my_malloc.obj
 0001:00012cb0       _my_strdup                 00413cb0 f   mysys:my_malloc.obj
 0001:00012d00       _my_strndup                00413d00 f   mysys:my_malloc.obj
 0001:00012d40       _init_dynamic_array2       00413d40 f   mysys:array.obj
 0001:00012dc0       _init_dynamic_array        00413dc0 f   mysys:array.obj
 0001:00012de0       _alloc_dynamic             00413de0 f   mysys:array.obj
 0001:00012e70       _pop_dynamic               00413e70 f   mysys:array.obj
 0001:00012e90       _allocate_dynamic          00413e90 f   mysys:array.obj
 0001:00012f10       _get_dynamic               00413f10 f   mysys:array.obj
 0001:00012f50       _delete_dynamic            00413f50 f   mysys:array.obj
 0001:00012f90       _delete_dynamic_element    00413f90 f   mysys:array.obj
 0001:00012fc0       _freeze_size               00413fc0 f   mysys:array.obj
 0001:00013000       _get_index_dynamic         00414000 f   mysys:array.obj
 0001:00013020       _insert_dynamic            00414020 f   mysys:array.obj
 0001:00013070       _set_dynamic               00414070 f   mysys:array.obj
 0001:000130e0       _my_charset_same           004140e0 f   mysys:charset.obj
 0001:00013740       _get_charsets_dir          00414740 f   mysys:charset.obj
 0001:00013800       _add_compiled_collation    00414800 f   mysys:charset.obj
 0001:000138d0       _free_charsets             004148d0 f   mysys:charset.obj
 0001:000138e0       _get_collation_number      004148e0 f   mysys:charset.obj
 0001:00013900       _get_charset_number        00414900 f   mysys:charset.obj
 0001:00013970       _get_charset_name          00414970 f   mysys:charset.obj
 0001:00013aa0       _get_charset               00414aa0 f   mysys:charset.obj
 0001:00013b80       _get_charset_by_name       00414b80 f   mysys:charset.obj
 0001:00013c20       _get_charset_by_csname     00414c20 f   mysys:charset.obj
 0001:00013cd0       _resolve_charset           00414cd0 f   mysys:charset.obj
 0001:00013d00       _resolve_collation         00414d00 f   mysys:charset.obj
 0001:00013d30       _escape_string_for_mysql   00414d30 f   mysys:charset.obj
 0001:00013ee0       _fs_character_set          00414ee0 f   mysys:charset.obj
 0001:00013f70       _escape_quotes_for_mysql   00414f70 f   mysys:charset.obj
 0001:00014050       _list_add                  00415050 f   mysys:list.obj
 0001:00014080       _list_delete               00415080 f   mysys:list.obj
 0001:000140b0       _list_free                 004150b0 f   mysys:list.obj
 0001:000140f0       _list_cons                 004150f0 f   mysys:list.obj
 0001:00014120       _list_reverse              00415120 f   mysys:list.obj
 0001:00014150       _list_length               00415150 f   mysys:list.obj
 0001:00014170       _list_walk                 00415170 f   mysys:list.obj
 0001:000141e0       _modify_defaults_file      004151e0 f   mysys:default_modify.obj
 0001:00014650       _my_read                   00415650 f   mysys:my_read.obj
 0001:00014780       _my_seek                   00415780 f   mysys:my_seek.obj
 0001:00014850       _my_tell                   00415850 f   mysys:my_seek.obj
 0001:000148d0       _my_dirend                 004158d0 f   mysys:my_lib.obj
 0001:00014940       _my_dir                    00415940 f   mysys:my_lib.obj
 0001:00014bd0       _my_fstat                  00415bd0 f   mysys:my_lib.obj
 0001:00014bf0       _my_stat                   00415bf0 f   mysys:my_lib.obj
 0001:00014c80       _my_close                  00415c80 f   mysys:my_open.obj
 0001:00014d40       _my_register_filename      00415d40 f   mysys:my_open.obj
 0001:00014e50       _my_sopen                  00415e50 f   mysys:my_open.obj
 0001:000150f0       _my_open                   004160f0 f   mysys:my_open.obj
 0001:000151a0       __my_hash_init             004161a0 f   mysys:hash.obj
 0001:00015240       _my_hash_free              00416240 f   mysys:hash.obj
 0001:00015270       _my_hash_reset             00416270 f   mysys:hash.obj
 0001:000153e0       _my_hash_delete            004163e0 f   mysys:hash.obj
 0001:00015620       _my_hash_element           00416620 f   mysys:hash.obj
 0001:00015640       _my_hash_replace           00416640 f   mysys:hash.obj
 0001:00015660       _my_hash_first             00416660 f   mysys:hash.obj
 0001:00015710       _my_hash_next              00416710 f   mysys:hash.obj
 0001:00015780       _my_hash_update            00416780 f   mysys:hash.obj
 0001:00015980       _my_hash_search            00416980 f   mysys:hash.obj
 0001:000159a0       _my_hash_insert            004169a0 f   mysys:hash.obj
 0001:00015c90       _pthread_cond_init         00416c90 f   mysys:my_wincond.obj
 0001:00015cf0       _pthread_cond_destroy      00416cf0 f   mysys:my_wincond.obj
 0001:00015d40       _pthread_cond_timedwait    00416d40 f   mysys:my_wincond.obj
 0001:00015e20       _pthread_cond_signal       00416e20 f   mysys:my_wincond.obj
 0001:00015e50       _pthread_cond_broadcast    00416e50 f   mysys:my_wincond.obj
 0001:00015e90       _pthread_attr_init         00416e90 f   mysys:my_wincond.obj
 0001:00015eb0       _pthread_attr_setstacksize 00416eb0 f   mysys:my_wincond.obj
 0001:00015ec0       _pthread_attr_setprio      00416ec0 f   mysys:my_wincond.obj
 0001:00015ed0       _pthread_attr_destroy      00416ed0 f   mysys:my_wincond.obj
 0001:00015ee0       _localtime_r               00416ee0 f   mysys:my_wincond.obj
 0001:00015f50       _pthread_cond_wait         00416f50 f   mysys:my_wincond.obj
 0001:00015f70       _my_sleep                  00416f70 f   mysys:my_sleep.obj
 0001:00015f90       _my_write                  00416f90 f   mysys:my_write.obj
 0001:000160e0       _my_access                 004170e0 f   mysys:my_access.obj
 0001:00016170       _check_if_legal_tablename  00417170 f   mysys:my_access.obj
 0001:000161c0       _check_if_legal_filename   004171c0 f   mysys:my_access.obj
 0001:000162f0       _get_defaults_options      004172f0 f   mysys:default.obj
 0001:000163c0       _free_defaults             004173c0 f   mysys:default.obj
 0001:00016e60       _my_print_default_files    00417e60 f   mysys:default.obj
 0001:00016fe0       _print_defaults            00417fe0 f   mysys:default.obj
 0001:00017100       _my_search_option_files    00418100 f   mysys:default.obj
 0001:00017370       _my_load_defaults          00418370 f   mysys:default.obj
 0001:00017650       _load_defaults             00418650 f   mysys:default.obj
 0001:00017680       _init_alloc_root           00418680 f   mysys:my_alloc.obj
 0001:000176e0       _reset_root_defaults       004186e0 f   mysys:my_alloc.obj
 0001:00017780       _alloc_root                00418780 f   mysys:my_alloc.obj
 0001:00017860       _multi_alloc_root          00418860 f   mysys:my_alloc.obj
 0001:00017920       _free_root                 00418920 f   mysys:my_alloc.obj
 0001:000179c0       _set_prealloc_root         004189c0 f   mysys:my_alloc.obj
 0001:00017a10       _strmake_root              00418a10 f   mysys:my_alloc.obj
 0001:00017a50       _memdup_root               00418a50 f   mysys:my_alloc.obj
 0001:00017a80       _strdup_root               00418a80 f   mysys:my_alloc.obj
 0001:00017ab0       _strlength                 00418ab0 f   mysys:mf_format.obj
 0001:00017b00       _fn_format                 00418b00 f   mysys:mf_format.obj
 0001:00017d40       _my_load_path              00418d40 f   mysys:mf_loadpath.obj
 0001:00017f10       _my_freopen                00418f10 f   mysys:my_fopen.obj
 0001:00017f30       _my_fclose                 00418f30 f   mysys:my_fopen.obj
 0001:00018050       _my_fopen                  00419050 f   mysys:my_fopen.obj
 0001:000181c0       _my_fdopen                 004191c0 f   mysys:my_fopen.obj
 0001:000182c0       _dirname_length            004192c0 f   mysys:mf_dirname.obj
 0001:00018310       _convert_dirname           00419310 f   mysys:mf_dirname.obj
 0001:000183c0       _dirname_part              004193c0 f   mysys:mf_dirname.obj
 0001:000183f0       _my_thread_global_end      004193f0 f   mysys:my_thr_init.obj
 0001:00018500       _my_thread_end             00419500 f   mysys:my_thr_init.obj
 0001:00018570       __my_thread_var            00419570 f   mysys:my_thr_init.obj
 0001:00018590       _my_thread_dbug_id         00419590 f   mysys:my_thr_init.obj
 0001:000185a0       _my_thread_name            004195a0 f   mysys:my_thr_init.obj
 0001:000185c0       _my_thread_init            004195c0 f   mysys:my_thr_init.obj
 0001:00018640       _my_thread_global_init     00419640 f   mysys:my_thr_init.obj
 0001:00018700       _my_delete                 00419700 f   mysys:my_delete.obj
 0001:00018780       _nt_share_delete           00419780 f   mysys:my_delete.obj
 0001:000188b0       _my_end                    004198b0 f   mysys:my_init.obj
 0001:00018980       _my_parameter_handler      00419980 f   mysys:my_init.obj
 0001:00018ca0       _my_init                   00419ca0 f   mysys:my_init.obj
 0001:00018de0       _my_getopt_register_get_addr 00419de0 f   mysys:my_getopt.obj
 0001:00018e40       _getopt_compare_strings    00419e40 f   mysys:my_getopt.obj
 0001:00018f90       _getopt_ll_limit_value     00419f90 f   mysys:my_getopt.obj
 0001:00019100       _getopt_ull_limit_value    0041a100 f   mysys:my_getopt.obj
 0001:000194d0       _my_print_help             0041a4d0 f   mysys:my_getopt.obj
 0001:00019700       _my_print_variables        0041a700 f   mysys:my_getopt.obj
 0001:00019ad0       _my_cleanup_options        0041aad0 f   mysys:my_getopt.obj
 0001:00019ca0       _handle_options            0041aca0 f   mysys:my_getopt.obj
 0001:0001a6b0       _gmtime_r                  0041b6b0 f   mysys:my_pthread.obj
 0001:0001a6f0       _pthread_no_free           0041b6f0 f   mysys:my_pthread.obj
 0001:0001a700       _pthread_dummy             0041b700 f   mysys:my_pthread.obj
 0001:0001a710       _win_pthread_init          0041b710 f   mysys:my_winthread.obj
 0001:0001a720       _win_pthread_mutex_trylock 0041b720 f   mysys:my_winthread.obj
 0001:0001a750       _pthread_exit              0041b750 f   mysys:my_winthread.obj
 0001:0001a760       _win_pthread_setspecific   0041b760 f   mysys:my_winthread.obj
 0001:0001a780       _my_pthread_once           0041b780 f   mysys:my_winthread.obj
 0001:0001a7d0       _pthread_start             0041b7d0 f   mysys:my_winthread.obj
 0001:0001a820       _pthread_create            0041b820 f   mysys:my_winthread.obj
 0001:0001a8b0       _my_error                  0041b8b0 f   mysys:my_error.obj
 0001:0001a960       _my_printf_error           0041b960 f   mysys:my_error.obj
 0001:0001a9d0       _my_message                0041b9d0 f   mysys:my_error.obj
 0001:0001a9e0       _my_error_register         0041b9e0 f   mysys:my_error.obj
 0001:0001aa60       _my_error_unregister       0041ba60 f   mysys:my_error.obj
 0001:0001aab0       _my_error_unregister_all   0041bab0 f   mysys:my_error.obj
 0001:0001aaf0       _my_compress_alloc         0041baf0 f   mysys:my_compress.obj
 0001:0001ab80       _my_uncompress             0041bb80 f   mysys:my_compress.obj
 0001:0001ac00       _unpackfrm                 0041bc00 f   mysys:my_compress.obj
 0001:0001ac90       _my_compress               0041bc90 f   mysys:my_compress.obj
 0001:0001acf0       _packfrm                   0041bcf0 f   mysys:my_compress.obj
 0001:0001ad80       _mysql_sha1_reset          0041bd80 f   mysys:sha1.obj
 0001:0001b420       _mysql_sha1_result         0041c420 f   mysys:sha1.obj
 0001:0001b490       _mysql_sha1_input          0041c490 f   mysys:sha1.obj
 0001:0001b4e0       _find_type                 0041c4e0 f   mysys:typelib.obj
 0001:0001b670       _get_type                  0041c670 f   mysys:typelib.obj
 0001:0001b690       _find_typeset              0041c690 f   mysys:typelib.obj
 0001:0001b730       _copy_typelib              0041c730 f   mysys:typelib.obj
 0001:0001b800       _find_type_or_exit         0041c800 f   mysys:typelib.obj
 0001:0001b8d0       _make_type                 0041c8d0 f   mysys:typelib.obj
 0001:0001b900       _my_multi_malloc           0041c900 f   mysys:mulalloc.obj
 0001:0001b970       _my_inet_ntoa              0041c970 f   mysys:my_net.obj
 0001:0001b9a0       _my_gethostbyname_r        0041c9a0 f   mysys:my_net.obj
 0001:0001b9d0       _my_gethostbyname_r_free   0041c9d0 f   mysys:my_net.obj
 0001:0001b9e0       _thr_alarm_kill            0041c9e0 f   mysys:thr_alarm.obj
 0001:0001b9f0       _process_alarm             0041c9f0 f   mysys:thr_alarm.obj
 0001:0001ba00       _thr_alarm                 0041ca00 f   mysys:thr_alarm.obj
 0001:0001ba50       _thr_got_alarm             0041ca50 f   mysys:thr_alarm.obj
 0001:0001bac0       _thr_end_alarm             0041cac0 f   mysys:thr_alarm.obj
 0001:0001baf0       _end_thr_alarm             0041caf0 f   mysys:thr_alarm.obj
 0001:0001bb00       _init_thr_alarm            0041cb00 f   mysys:thr_alarm.obj
 0001:0001bb10       _thr_alarm_info            0041cb10 f   mysys:thr_alarm.obj
 0001:0001bb20       _resize_thr_alarm          0041cb20 f   mysys:thr_alarm.obj
 0001:0001bb30       _my_once_alloc             0041cb30 f   mysys:my_once.obj
 0001:0001bbf0       _my_once_strdup            0041cbf0 f   mysys:my_once.obj
 0001:0001bc40       _my_once_memdup            0041cc40 f   mysys:my_once.obj
 0001:0001bc70       _my_once_free              0041cc70 f   mysys:my_once.obj
 0001:0001bca0       _my_getwd                  0041cca0 f   mysys:my_getwd.obj
 0001:0001bd50       _test_if_hard_path         0041cd50 f   mysys:my_getwd.obj
 0001:0001bda0       _has_path                  0041cda0 f   mysys:my_getwd.obj
 0001:0001bde0       _my_setwd                  0041cde0 f   mysys:my_getwd.obj
 0001:0001be90       _init_compiled_charsets    0041ce90 f   mysys:charset-def.obj
 0001:0001c170       _my_fread                  0041d170 f   mysys:my_fstream.obj
 0001:0001c240       _my_fseek                  0041d240 f   mysys:my_fstream.obj
 0001:0001c270       _my_ftell                  0041d270 f   mysys:my_fstream.obj
 0001:0001c280       _my_fwrite                 0041d280 f   mysys:my_fstream.obj
 0001:0001c390       _my_chsize                 0041d390 f   mysys:my_chsize.obj
 0001:0001c520       _my_filename               0041d520 f   mysys:my_div.obj
 0001:0001c550       _my_qsort                  0041d550 f   mysys:mf_qsort.obj
 0001:0001cbe0       _init_glob_errs            0041dbe0 f   mysys:errors.obj
 0001:0001cbf0       _wait_for_free_space       0041dbf0 f   mysys:errors.obj
 0001:0001cc60       _array_append_string_unique 0041dc60 f   mysys:mf_arr_appstr.obj
 0001:0001cce0       _cleanup_dirname           0041dce0 f   mysys:mf_pack.obj
 0001:0001d140       _symdirget                 0041e140 f   mysys:mf_pack.obj
 0001:0001d280       _system_filename           0041e280 f   mysys:mf_pack.obj
 0001:0001d2a0       _intern_filename           0041e2a0 f   mysys:mf_pack.obj
 0001:0001d320       _pack_dirname              0041e320 f   mysys:mf_pack.obj
 0001:0001d6b0       _normalize_dirname         0041e6b0 f   mysys:mf_pack.obj
 0001:0001d750       _unpack_dirname            0041e750 f   mysys:mf_pack.obj
 0001:0001d850       _unpack_filename           0041e850 f   mysys:mf_pack.obj
 0001:0001d910       _fn_ext                    0041e910 f   mysys:mf_fn_ext.obj
 0001:0001d970       _my_readlink               0041e970 f   mysys:my_symlink.obj
 0001:0001d990       _my_symlink                0041e990 f   mysys:my_symlink.obj
 0001:0001d9a0       _my_is_symlink             0041e9a0 f   mysys:my_symlink.obj
 0001:0001d9c0       _my_realpath               0041e9c0 f   mysys:my_symlink.obj
 0001:0001da30       _my_message_no_curses      0041ea30 f   mysys:my_messnc.obj
 0001:0001dad0       _my_sync                   0041ead0 f   mysys:my_sync.obj
 0001:0001db60       _my_sync_dir               0041eb60 f   mysys:my_sync.obj
 0001:0001db70       _my_sync_dir_by_file       0041eb70 f   mysys:my_sync.obj
 0001:0001db80       _strnmov                   0041eb80 f   strings:strnmov.obj
 0001:0001dbb0       _strmake                   0041ebb0 f   strings:strmake.obj
 0001:0001dbe0       _int2str                   0041ebe0 f   strings:int2str.obj
 0001:0001dcc0       _int10_to_str              0041ecc0 f   strings:int2str.obj
 0001:0001dd70       _strxnmov                  0041ed70 f   strings:strxnmov.obj
 0001:0001ddc0       _strmov                    0041edc0 f   strings:strmov.obj
 0001:0001dde0       _strend                    0041ede0 f   strings:strend.obj
 0001:0001de00       _strxmov                   0041ee00 f   strings:strxmov.obj
 0001:0001de40       _is_prefix                 0041ee40 f   strings:is_prefix.obj
 0001:0001de70       _my_strtoll10              0041ee70 f   strings:my_strtoll10.obj
 0001:0001e3d0       _my_hash_sort_latin1_de    0041f3d0 f   strings:ctype-latin1.obj
 0001:0001e470       _my_vsnprintf              0041f470 f   strings:my_vsnprintf.obj
 0001:0001e780       _my_snprintf               0041f780 f   strings:my_vsnprintf.obj
 0001:0001e7a0       _strcend                   0041f7a0 f   strings:strcend.obj
 0001:0001e7d0       _my_strnxfrmlen_simple     0041f7d0 f   strings:ctype-simple.obj
 0001:0001e7f0       _my_strnxfrm_simple        0041f7f0 f   strings:ctype-simple.obj
 0001:0001e870       _my_strnncoll_simple       0041f870 f   strings:ctype-simple.obj
 0001:0001e8f0       _my_strnncollsp_simple     0041f8f0 f   strings:ctype-simple.obj
 0001:0001e9b0       _my_caseup_str_8bit        0041f9b0 f   strings:ctype-simple.obj
 0001:0001e9f0       _my_casedn_str_8bit        0041f9f0 f   strings:ctype-simple.obj
 0001:0001ea30       _my_caseup_8bit            0041fa30 f   strings:ctype-simple.obj
 0001:0001ea60       _my_casedn_8bit            0041fa60 f   strings:ctype-simple.obj
 0001:0001ea90       _my_strcasecmp_8bit        0041fa90 f   strings:ctype-simple.obj
 0001:0001eaf0       _my_mb_wc_8bit             0041faf0 f   strings:ctype-simple.obj
 0001:0001eb30       _my_wc_mb_8bit             0041fb30 f   strings:ctype-simple.obj
 0001:0001eb90       _my_snprintf_8bit          0041fb90 f   strings:ctype-simple.obj
 0001:0001ebb0       _my_hash_sort_simple       0041fbb0 f   strings:ctype-simple.obj
 0001:0001ec30       _my_strntol_8bit           0041fc30 f   strings:ctype-simple.obj
 0001:0001ed90       _my_strntoul_8bit          0041fd90 f   strings:ctype-simple.obj
 0001:0001eed0       _my_strntoll_8bit          0041fed0 f   strings:ctype-simple.obj
 0001:0001f090       _my_strntoull_8bit         00420090 f   strings:ctype-simple.obj
 0001:0001f220       _my_strntod_8bit           00420220 f   strings:ctype-simple.obj
 0001:0001f250       _my_long10_to_str_8bit     00420250 f   strings:ctype-simple.obj
 0001:0001f320       _my_longlong10_to_str_8bit 00420320 f   strings:ctype-simple.obj
 0001:0001f450       _my_wildcmp_8bit           00420450 f   strings:ctype-simple.obj
 0001:0001f5f0       _my_like_range_simple      004205f0 f   strings:ctype-simple.obj
 0001:0001f710       _my_scan_8bit              00420710 f   strings:ctype-simple.obj
 0001:0001f780       _my_fill_8bit              00420780 f   strings:ctype-simple.obj
 0001:0001f7a0       _my_numchars_8bit          004207a0 f   strings:ctype-simple.obj
 0001:0001f7b0       _my_numcells_8bit          004207b0 f   strings:ctype-simple.obj
 0001:0001f7c0       _my_charpos_8bit           004207c0 f   strings:ctype-simple.obj
 0001:0001f7d0       _my_well_formed_len_8bit   004207d0 f   strings:ctype-simple.obj
 0001:0001f7f0       _my_lengthsp_8bit          004207f0 f   strings:ctype-simple.obj
 0001:0001f810       _my_instr_simple           00420810 f   strings:ctype-simple.obj
 0001:0001fcd0       _my_strtoll10_8bit         00420cd0 f   strings:ctype-simple.obj
 0001:0001fcf0       _my_mb_ctype_8bit          00420cf0 f   strings:ctype-simple.obj
 0001:0001fd30       _my_strntoull10rnd_8bit    00420d30 f   strings:ctype-simple.obj
 0001:000201d0       _my_propagate_simple       004211d0 f   strings:ctype-simple.obj
 0001:000201e0       _my_propagate_complex      004211e0 f   strings:ctype-simple.obj
 0001:000202b0       _my_lengthsp_binary        004212b0 f   strings:ctype-bin.obj
 0001:00020460       _my_mbcharlen_8bit         00421460 f   strings:ctype-bin.obj
 0001:000204c0       _my_hash_sort_8bit_bin     004214c0 f   strings:ctype-bin.obj
 0001:00020520       _my_hash_sort_bin          00421520 f   strings:ctype-bin.obj
 0001:00020570       _my_wildcmp_bin            00421570 f   strings:ctype-bin.obj
 0001:00020e70       _my_parse_charset_xml      00421e70 f   strings:ctype.obj
 0001:00020f30       _my_string_repertoire      00421f30 f   strings:ctype.obj
 0001:00020fb0       _my_charset_repertoire     00421fb0 f   strings:ctype.obj
 0001:00020fd0       _my_charset_is_ascii_based 00421fd0 f   strings:ctype.obj
 0001:00021010       _my_charset_is_8bit_pure_ascii 00422010 f   strings:ctype.obj
 0001:00022ad0       _str2int                   00423ad0 f   strings:str2int.obj
 0001:00022c80       _strtoll                   00423c80 f   strings:strtoll.obj
 0001:00022ea0       _llstr                     00423ea0 f   strings:llstr.obj
 0001:00022ec0       _ullstr                    00423ec0 f   strings:llstr.obj
 0001:00022ee0       _my_strtod                 00423ee0 f   strings:strtod.obj
 0001:00023250       _my_atof                   00424250 f   strings:strtod.obj
 0001:00023280       _longlong2str              00424280 f   strings:longlong2str.obj
 0001:000233b0       _longlong10_to_str         004243b0 f   strings:longlong2str.obj
 0001:000234c0       _my_wildcmp_unicode        004244c0 f   strings:ctype-utf8.obj
 0001:00026790       _my_strntol_ucs2           00427790 f   strings:ctype-ucs2.obj
 0001:000269a0       _my_strntoul_ucs2          004279a0 f   strings:ctype-ucs2.obj
 0001:00026b90       _my_strntoll_ucs2          00427b90 f   strings:ctype-ucs2.obj
 0001:00026e20       _my_strntoull_ucs2         00427e20 f   strings:ctype-ucs2.obj
 0001:00027070       _my_strntod_ucs2           00428070 f   strings:ctype-ucs2.obj
 0001:00027160       _my_strntoull10rnd_ucs2    00428160 f   strings:ctype-ucs2.obj
 0001:00027250       _my_l10tostr_ucs2          00428250 f   strings:ctype-ucs2.obj
 0001:00027350       _my_ll10tostr_ucs2         00428350 f   strings:ctype-ucs2.obj
 0001:00027490       _my_strtoll10_ucs2         00428490 f   strings:ctype-ucs2.obj
 0001:00027b60       _my_like_range_ucs2        00428b60 f   strings:ctype-ucs2.obj
 0001:00027e30       _my_scan_ucs2              00428e30 f   strings:ctype-ucs2.obj
 0001:000287b0       _my_strnncoll_gbk_internal 004297b0 f   strings:ctype-gbk.obj
 0001:000288b0       _my_strnncoll_gbk          004298b0 f   strings:ctype-gbk.obj
 0001:0002c080       _bchange                   0042d080 f   strings:bchange.obj
 0001:0002c0e0       _bmove_upp                 0042d0e0 f   strings:bmove_upp.obj
 0001:0002c780       _my_xml_parse              0042d780 f   strings:xml.obj
 0001:0002cb20       _my_xml_parser_create      0042db20 f   strings:xml.obj
 0001:0002cb40       _my_xml_parser_free        0042db40 f   strings:xml.obj
 0001:0002cb50       _my_xml_set_value_handler  0042db50 f   strings:xml.obj
 0001:0002cb60       _my_xml_set_enter_handler  0042db60 f   strings:xml.obj
 0001:0002cb70       _my_xml_set_leave_handler  0042db70 f   strings:xml.obj
 0001:0002cb80       _my_xml_set_user_data      0042db80 f   strings:xml.obj
 0001:0002cb90       _my_xml_error_string       0042db90 f   strings:xml.obj
 0001:0002cba0       _my_xml_error_pos          0042dba0 f   strings:xml.obj
 0001:0002cbd0       _my_xml_error_lineno       0042dbd0 f   strings:xml.obj
 0001:0002cc00       _my_caseup_str_mb          0042dc00 f   strings:ctype-mb.obj
 0001:0002cc50       _my_casedn_str_mb          0042dc50 f   strings:ctype-mb.obj
 0001:0002cca0       _my_caseup_mb              0042dca0 f   strings:ctype-mb.obj
 0001:0002ccf0       _my_casedn_mb              0042dcf0 f   strings:ctype-mb.obj
 0001:0002cd40       _my_strcasecmp_mb          0042dd40 f   strings:ctype-mb.obj
 0001:0002cde0       _my_wildcmp_mb             0042dde0 f   strings:ctype-mb.obj
 0001:0002d230       _my_numchars_mb            0042e230 f   strings:ctype-mb.obj
 0001:0002d270       _my_charpos_mb             0042e270 f   strings:ctype-mb.obj
 0001:0002d2d0       _my_well_formed_len_mb     0042e2d0 f   strings:ctype-mb.obj
 0001:0002d340       _my_instr_mb               0042e340 f   strings:ctype-mb.obj
 0001:0002d700       _my_like_range_mb          0042e700 f   strings:ctype-mb.obj
 0001:0002dd70       _my_numcells_mb            0042ed70 f   strings:ctype-mb.obj
 0001:0002dde0       _my_mb_ctype_mb            0042ede0 f   strings:ctype-mb.obj
 0001:0002de80       _vio_delete                0042ee80 f   vio:vio.obj
 0001:0002deb0       _vio_end                   0042eeb0 f   vio:vio.obj
 0001:0002e0a0       _vio_reset                 0042f0a0 f   vio:vio.obj
 0001:0002e0d0       _vio_new                   0042f0d0 f   vio:vio.obj
 0001:0002e150       _vio_new_win32pipe         0042f150 f   vio:vio.obj
 0001:0002e1a0       _vio_new_win32shared_memory 0042f1a0 f   vio:vio.obj
 0001:0002e240       _vio_errno                 0042f240 f   vio:viosocket.obj
 0001:0002e250       _vio_read                  0042f250 f   vio:viosocket.obj
 0001:0002e270       _vio_read_buff             0042f270 f   vio:viosocket.obj
 0001:0002e310       _vio_write                 0042f310 f   vio:viosocket.obj
 0001:0002e330       _vio_blocking              0042f330 f   vio:viosocket.obj
 0001:0002e3a0       _vio_is_blocking           0042f3a0 f   vio:viosocket.obj
 0001:0002e3b0       _vio_fastsend              0042f3b0 f   vio:viosocket.obj
 0001:0002e3e0       _vio_keepalive             0042f3e0 f   vio:viosocket.obj
 0001:0002e420       _vio_should_retry          0042f420 f   vio:viosocket.obj
 0001:0002e450       _vio_was_interrupted       0042f450 f   vio:viosocket.obj
 0001:0002e480       _vio_close                 0042f480 f   vio:viosocket.obj
 0001:0002e4d0       _vio_description           0042f4d0 f   vio:viosocket.obj
 0001:0002e4e0       _vio_type                  0042f4e0 f   vio:viosocket.obj
 0001:0002e4f0       _vio_fd                    0042f4f0 f   vio:viosocket.obj
 0001:0002e500       _vio_peer_addr             0042f500 f   vio:viosocket.obj
 0001:0002e580       _vio_in_addr               0042f580 f   vio:viosocket.obj
 0001:0002e5a0       _vio_poll_read             0042f5a0 f   vio:viosocket.obj
 0001:0002e5b0       _vio_timeout               0042f5b0 f   vio:viosocket.obj
 0001:0002e630       _vio_read_pipe             0042f630 f   vio:viosocket.obj
 0001:0002e680       _vio_write_pipe            0042f680 f   vio:viosocket.obj
 0001:0002e6d0       _vio_close_pipe            0042f6d0 f   vio:viosocket.obj
 0001:0002e710       _vio_win32_timeout         0042f710 f   vio:viosocket.obj
 0001:0002e750       _vio_read_shared_memory    0042f750 f   vio:viosocket.obj
 0001:0002e830       _vio_write_shared_memory   0042f830 f   vio:viosocket.obj
 0001:0002e8e0       _vio_close_shared_memory   0042f8e0 f   vio:viosocket.obj
 0001:0002e9c0       _vio_ssl_read              0042f9c0 f   vio:viossl.obj
 0001:0002e9e0       _vio_ssl_write             0042f9e0 f   vio:viossl.obj
 0001:0002ea00       _vio_ssl_close             0042fa00 f   vio:viossl.obj
 0001:0002ea40       _vio_ssl_delete            0042fa40 f   vio:viossl.obj
 0001:0002eb50       _sslaccept                 0042fb50 f   vio:viossl.obj
 0001:0002eb70       _sslconnect                0042fb70 f   vio:viossl.obj
 0001:0002eb90       _vio_ssl_blocking          0042fb90 f   vio:viossl.obj
 0001:0002ec30       _sslGetErrString           0042fc30 f   vio:viosslfactories.obj
 0001:0002ee60       _new_VioSSLConnectorFd     0042fe60 f   vio:viosslfactories.obj
 0001:0002eec0       _new_VioSSLAcceptorFd      0042fec0 f   vio:viosslfactories.obj
 0001:0002ef20       _free_vio_ssl_acceptor_fd  0042ff20 f   vio:viosslfactories.obj
 0001:0002ef40       ??2@YAPAXIPAUDummy@@@Z     0042ff40 f i yassl:ssl.obj
 0001:0002ef50       ??1Message@yaSSL@@UAE@XZ   0042ff50 f i yassl:ssl.obj
 0001:0002ef60       ??_EMessage@yaSSL@@UAEPAXI@Z 0042ff60 f i yassl:ssl.obj
 0001:0002ef60       ??_GMessage@yaSSL@@UAEPAXI@Z 0042ff60 f i yassl:ssl.obj
 0001:0002ef80       ??1Alert@yaSSL@@UAE@XZ     0042ff80 f i yassl:ssl.obj
 0001:0002ef90       ??1HandShakeBase@yaSSL@@UAE@XZ 0042ff90 f i yassl:ssl.obj
 0001:0002efa0       ??_GHandShakeBase@yaSSL@@UAEPAXI@Z 0042ffa0 f i yassl:ssl.obj
 0001:0002efa0       ??_EHandShakeBase@yaSSL@@UAEPAXI@Z 0042ffa0 f i yassl:ssl.obj
 0001:0002efc0       ??0EncryptedInfo@yaSSL@@QAE@XZ 0042ffc0 f i yassl:ssl.obj
 0001:0002efd0       ?min@TaoCrypt@@YAIII@Z     0042ffd0 f i yassl:ssl.obj
 0001:0002efe0       ??0Error@TaoCrypt@@QAE@W4ErrorNumber@1@@Z 0042ffe0 f i yassl:ssl.obj
 0001:0002eff0       ?assign@BIGNUM@yaSSL@@QAEXPBEI@Z 0042fff0 f i yassl:ssl.obj
 0001:0002f000       ??1Finished@yaSSL@@UAE@XZ  00430000 f i yassl:ssl.obj
 0001:0002f010       ??1HASH@TaoCrypt@@UAE@XZ   00430010 f i yassl:ssl.obj
 0001:0002f020       ??_EHASH@TaoCrypt@@UAEPAXI@Z 00430020 f i yassl:ssl.obj
 0001:0002f020       ??_GHASH@TaoCrypt@@UAEPAXI@Z 00430020 f i yassl:ssl.obj
 0001:0002f040       ??1HASHwithTransform@TaoCrypt@@UAE@XZ 00430040 f i yassl:ssl.obj
 0001:0002f050       ??0MD5@TaoCrypt@@QAE@XZ    00430050 f i yassl:ssl.obj
 0001:0002f070       ?getByteOrder@MD5@TaoCrypt@@UBE?AW4ByteOrder@2@XZ 00430070 f i yassl:ssl.obj
 0001:0002f080       ?getBlockSize@MD5@TaoCrypt@@UBEIXZ 00430080 f i yassl:ssl.obj
 0001:0002f090       ?getDigestSize@MD5@TaoCrypt@@UBEIXZ 00430090 f i yassl:ssl.obj
 0001:0002f0a0       ?getPadSize@MD5@TaoCrypt@@UBEIXZ 004300a0 f i yassl:ssl.obj
 0001:0002f0b0       ??1MD5@TaoCrypt@@UAE@XZ    004300b0 f i yassl:ssl.obj
 0001:0002f0c0       ??0MD4@TaoCrypt@@QAE@XZ    004300c0 f i yassl:ssl.obj
 0001:0002f0e0       ?getByteOrder@MD4@TaoCrypt@@UBE?AW4ByteOrder@2@XZ 004300e0 f i yassl:ssl.obj
 0001:0002f0f0       ?getBlockSize@MD4@TaoCrypt@@UBEIXZ 004300f0 f i yassl:ssl.obj
 0001:0002f100       ?getDigestSize@MD4@TaoCrypt@@UBEIXZ 00430100 f i yassl:ssl.obj
 0001:0002f110       ?getPadSize@MD4@TaoCrypt@@UBEIXZ 00430110 f i yassl:ssl.obj
 0001:0002f120       ??1MD4@TaoCrypt@@UAE@XZ    00430120 f i yassl:ssl.obj
 0001:0002f130       _yaSSLv3_server_method     00430130 f   yassl:ssl.obj
 0001:0002f170       _yaSSLv3_client_method     00430170 f   yassl:ssl.obj
 0001:0002f1b0       _yaTLSv1_server_method     004301b0 f   yassl:ssl.obj
 0001:0002f1f0       _yaTLSv1_client_method     004301f0 f   yassl:ssl.obj
 0001:0002f230       _yaTLSv1_1_server_method   00430230 f   yassl:ssl.obj
 0001:0002f270       _yaTLSv1_1_client_method   00430270 f   yassl:ssl.obj
 0001:0002f2b0       _yaSSLv23_server_method    004302b0 f   yassl:ssl.obj
 0001:0002f2f0       _yaSSLv23_client_method    004302f0 f   yassl:ssl.obj
 0001:0002f330       _yaSSL_CTX_new             00430330 f   yassl:ssl.obj
 0001:0002f360       _yaSSL_new                 00430360 f   yassl:ssl.obj
 0001:0002f390       _yaSSL_set_fd              00430390 f   yassl:ssl.obj
 0001:0002f3b0       _yaSSL_get_fd              004303b0 f   yassl:ssl.obj
 0001:0002f3c0       _yaSSL_connect             004303c0 f   yassl:ssl.obj
 0001:0002f610       _yaSSL_write               00430610 f   yassl:ssl.obj
 0001:0002f620       ??1Data@yaSSL@@UAE@XZ      00430620 f i yassl:ssl.obj
 0001:0002f630       _yaSSL_accept              00430630 f   yassl:ssl.obj
 0001:0002f8b0       _yaSSL_do_handshake        004308b0 f   yassl:ssl.obj
 0001:0002f8e0       _yaSSL_clear               004308e0 f   yassl:ssl.obj
 0001:0002f900       _yaSSL_shutdown            00430900 f   yassl:ssl.obj
 0001:0002f970       _yaSSL_set_quiet_shutdown  00430970 f   yassl:ssl.obj
 0001:0002f990       _yaSSL_get_quiet_shutdown  00430990 f   yassl:ssl.obj
 0001:0002f9a0       _yaSSL_CTX_set_session_cache_mode 004309a0 f   yassl:ssl.obj
 0001:0002f9d0       _yaSSL_get_session         004309d0 f   yassl:ssl.obj
 0001:0002fa20       _yaSSL_set_session         00430a20 f   yassl:ssl.obj
 0001:0002fa60       _yaSSL_session_reused      00430a60 f   yassl:ssl.obj
 0001:0002fa80       _yaSSL_SESSION_set_timeout 00430a80 f   yassl:ssl.obj
 0001:0002faa0       _yaSSL_get_default_timeout 00430aa0 f   yassl:ssl.obj
 0001:0002fab0       _yaSSL_flush_sessions      00430ab0 f   yassl:ssl.obj
 0001:0002fad0       _yaSSL_get_cipher          00430ad0 f   yassl:ssl.obj
 0001:0002faf0       _yaSSL_get_shared_ciphers  00430af0 f   yassl:ssl.obj
 0001:0002fb10       _yaSSL_get_cipher_list     00430b10 f   yassl:ssl.obj
 0001:0002fb60       _yaSSL_CTX_set_cipher_list 00430b60 f   yassl:ssl.obj
 0001:0002fb80       _yaSSL_get_version         00430b80 f   yassl:ssl.obj
 0001:0002fba0       _yaSSLeay_version          00430ba0 f   yassl:ssl.obj
 0001:0002fbb0       _yaSSL_get_error           00430bb0 f   yassl:ssl.obj
 0001:0002fbc0       _yaSSL_set_compression     00430bc0 f   yassl:ssl.obj
 0001:0002fbd0       _yaSSL_get_peer_certificate 00430bd0 f   yassl:ssl.obj
 0001:0002fbf0       _yaX509_free               00430bf0 f   yassl:ssl.obj
 0001:0002fc00       _yaX509_STORE_CTX_get_current_cert 00430c00 f   yassl:ssl.obj
[...]
 0003:001523dc       ?disableFlags@UnDecorator@@0KA 006343dc     LIBCMT:undname.obj
 0003:001523e0       ?m_pGetParameter@UnDecorator@@0P6APADJ@ZA 006343e0     LIBCMT:undname.obj
 0003:001523e4       ?fExplicitTemplateParams@UnDecorator@@0_NA 006343e4     LIBCMT:undname.obj
 0003:001523e5       ?fGetTemplateArgumentList@UnDecorator@@0_NA 006343e5     LIBCMT:undname.obj
 0003:00152410       ___lconv_static_null       00634410     LIBCMT:lconv.obj
 0003:00152414       __commode                  00634414     LIBCMT:ncommode.obj
 0003:0015241c       __fmode                    0063441c     LIBCMT:txtmode.obj
 0003:0015243d       ?isMMX@TaoCrypt@@3_NA      0063443d     taocrypt:misc.obj
 0003:00152460       _mysql_server_last_error   00634460     <common>
 0003:001526d0       _mysql_server_last_errno   006346d0     <common>
 0003:001526d4       _thr_client_alarm          006346d4     <common>
 0003:001526e0       _query_performance_frequency 006346e0     <common>
 0003:001526f4       _my_signals                006346f4     <common>
 0003:001526f8       _query_performance_offset  006346f8     <common>
 0003:00152700       _THR_LOCK_threads          00634700     <common>
 0003:00152780       _LOCK_gethostbyname_r      00634780     <common>
 0003:001527a0       _THR_LOCK_myisam_mmap      006347a0     <common>
 0003:001527c0       _THR_LOCK_time             006347c0     <common>
 0003:001527e0       _THR_COND_threads          006347e0     <common>
 0003:00152820       _THR_LOCK_malloc           00634820     <common>
 0003:00152840       _THR_LOCK_isam             00634840     <common>
 0003:00152860       _THR_LOCK_myisam           00634860     <common>
 0003:00152880       _THR_LOCK_heap             00634880     <common>
 0003:001528a0       _THR_LOCK_open             006348a0     <common>
 0003:001528c0       _THR_LOCK_charset          006348c0     <common>
 0003:001528e0       _THR_LOCK_lock             006348e0     <common>
 0003:00152900       _LOCK_localtime_r          00634900     <common>
 0003:00152920       _THR_LOCK_net              00634920     <common>
 0003:00152938       __debugger_hook_dummy      00634938     <common>
 0003:00152944       ___sbh_initialized         00634944     <common>
 0003:00152958       ___sbh_cntHeaderList       00634958     <common>
 0003:0015295c       ___sbh_pHeaderList         0063495c     <common>
 0003:00152960       ___sbh_threshold           00634960     <common>
 0003:00152964       ___sbh_pHeaderScan         00634964     <common>
 0003:00152968       ___sbh_sizeHeaderList      00634968     <common>
 0003:0015296c       ___sbh_indGroupDefer       0063496c     <common>
 0003:00152970       ___active_heap             00634970     <common>
 0003:0015297c       ___setlc_active            0063497c     <common>
 0003:0015298c       ___unguarded_readlc_active 0063498c     <common>
 0003:00152990       __pmatherr                 00634990     <common>
 0003:0015299c       __pDestructExceptionObject 0063499c     <common>
 0003:001529a8       __nhandle                  006349a8     <common>
 0003:00152a00       ___pioinfo                 00634a00     <common>
 0003:00152b00       ___use_sse2_mathfcns       00634b00     <common>
 0003:00152b10       ___sse2_available          00634b10     <common>
 0003:00152b14       __acmdln                   00634b14     <common>
 0003:00152b20       ___env_initialized         00634b20     <common>
 0003:00152b30       ___onexitend               00634b30     <common>
 0003:00152b34       ___onexitbegin             00634b34     <common>
 0003:00152b38       ___mbctype_initialized     00634b38     <common>
 0003:00152b3c       ___dyn_tls_init_callback   00634b3c     <common>
 0003:00152b40       ___piob                    00634b40     <common>
 0003:00152e80       __bufin                    00634e80     <common>
 0003:00153e80       __nstream                  00635e80     <common>
 0004:00000000       __IMPORT_DESCRIPTOR_KERNEL32 00636000     kernel32:KERNEL32.dll
 0004:00000014       __IMPORT_DESCRIPTOR_ADVAPI32 00636014     advapi32:ADVAPI32.dll
 0004:00000028       __IMPORT_DESCRIPTOR_WSOCK32 00636028     wsock32:WSOCK32.dll
 0004:0000003c       __IMPORT_DESCRIPTOR_USER32 0063603c     user32:USER32.dll
 0004:00000050       __NULL_IMPORT_DESCRIPTOR   00636050     kernel32:KERNEL32.dll
 0004:00000468       __imp__CryptGenRandom@12   00636468     advapi32:ADVAPI32.dll
 0004:0000046c       __imp__RegEnumValueA@32    0063646c     advapi32:ADVAPI32.dll
 0004:00000470       __imp__RegOpenKeyExA@20    00636470     advapi32:ADVAPI32.dll
 0004:00000474       __imp__CryptAcquireContextA@20 00636474     advapi32:ADVAPI32.dll
 0004:00000478       __imp__CryptReleaseContext@8 00636478     advapi32:ADVAPI32.dll
 0004:0000047c       __imp__StartServiceCtrlDispatcherA@4 0063647c     advapi32:ADVAPI32.dll
 0004:00000480       __imp__RegisterServiceCtrlHandlerA@8 00636480     advapi32:ADVAPI32.dll
 0004:00000484       __imp__DeleteService@4     00636484     advapi32:ADVAPI32.dll
 0004:00000488       __imp__CreateServiceA@52   00636488     advapi32:ADVAPI32.dll
 0004:0000048c       __imp__SetServiceStatus@8  0063648c     advapi32:ADVAPI32.dll
 0004:00000490       __imp__OpenSCManagerA@12   00636490     advapi32:ADVAPI32.dll
 0004:00000494       __imp__OpenServiceA@12     00636494     advapi32:ADVAPI32.dll
 0004:00000498       __imp__CloseServiceHandle@4 00636498     advapi32:ADVAPI32.dll
 0004:0000049c       __imp__RegCloseKey@4       0063649c     advapi32:ADVAPI32.dll
 0004:000004a0       \177ADVAPI32_NULL_THUNK_DATA 006364a0     advapi32:ADVAPI32.dll
 0004:000004d4       __imp__GetModuleHandleA@4  006364d4     kernel32:KERNEL32.dll
 0004:000004d8       __imp__TerminateProcess@8  006364d8     kernel32:KERNEL32.dll
 0004:000004dc       __imp__OpenProcess@12      006364dc     kernel32:KERNEL32.dll
 0004:000004e0       __imp__GetCurrentThreadId@0 006364e0     kernel32:KERNEL32.dll
 0004:000004e4       __imp__Sleep@4             006364e4     kernel32:KERNEL32.dll
 0004:000004e8       __imp__GetFullPathNameA@16 006364e8     kernel32:KERNEL32.dll
 0004:000004ec       __imp__GetModuleFileNameA@12 006364ec     kernel32:KERNEL32.dll
 0004:000004f0       __imp__SetHandleInformation@12 006364f0     kernel32:KERNEL32.dll
 0004:000004f4       __imp__GetCurrentProcess@0 006364f4     kernel32:KERNEL32.dll
 0004:000004f8       __imp__ReadFile@20         006364f8     kernel32:KERNEL32.dll
 0004:000004fc       __imp__SetNamedPipeHandleState@16 006364fc     kernel32:KERNEL32.dll
 0004:00000500       __imp__WaitNamedPipeA@8    00636500     kernel32:KERNEL32.dll
 0004:00000504       __imp__CreateFileA@28      00636504     kernel32:KERNEL32.dll
 0004:00000508       __imp__DuplicateHandle@28  00636508     kernel32:KERNEL32.dll
 0004:0000050c       __imp__GetProcAddress@8    0063650c     kernel32:KERNEL32.dll
 0004:00000510       __imp__CreateRemoteThread@28 00636510     kernel32:KERNEL32.dll
 0004:00000514       __imp__GetLastError@0      00636514     kernel32:KERNEL32.dll
 0004:00000518       __imp__SetLastError@4      00636518     kernel32:KERNEL32.dll
 0004:0000051c       __imp__CreateProcessA@40   0063651c     kernel32:KERNEL32.dll
 0004:00000520       __imp__WaitForSingleObject@8 00636520     kernel32:KERNEL32.dll
 0004:00000524       __imp__GetExitCodeProcess@8 00636524     kernel32:KERNEL32.dll
 0004:00000528       __imp__CloseHandle@4       00636528     kernel32:KERNEL32.dll
 0004:0000052c       __imp__GetSystemTimeAsFileTime@4 0063652c     kernel32:KERNEL32.dll
 0004:00000530       __imp__DeleteCriticalSection@4 00636530     kernel32:KERNEL32.dll
 0004:00000534       __imp__LoadLibraryW@4      00636534     kernel32:KERNEL32.dll
 0004:00000538       __imp__SetEnvironmentVariableW@8 00636538     kernel32:KERNEL32.dll
 0004:0000053c       __imp__GetModuleFileNameW@12 0063653c     kernel32:KERNEL32.dll
 0004:00000540       __imp__LeaveCriticalSection@4 00636540     kernel32:KERNEL32.dll
 0004:00000544       __imp__EnterCriticalSection@4 00636544     kernel32:KERNEL32.dll
 0004:00000548       __imp__CreatePipe@16       00636548     kernel32:KERNEL32.dll
 0004:0000054c       __imp__IsValidLocale@8     0063654c     kernel32:KERNEL32.dll
 0004:00000550       __imp__EnumSystemLocalesA@8 00636550     kernel32:KERNEL32.dll
 0004:00000554       __imp__GetUserDefaultLCID@0 00636554     kernel32:KERNEL32.dll
 0004:00000558       __imp__GetDateFormatA@24   00636558     kernel32:KERNEL32.dll
 0004:0000055c       __imp__GetTimeFormatA@24   0063655c     kernel32:KERNEL32.dll
 0004:00000560       __imp__GetStringTypeW@16   00636560     kernel32:KERNEL32.dll
 0004:00000564       __imp__GetStringTypeA@20   00636564     kernel32:KERNEL32.dll
 0004:00000568       __imp__SetEnvironmentVariableA@8 00636568     kernel32:KERNEL32.dll
 0004:0000056c       __imp__CompareStringW@24   0063656c     kernel32:KERNEL32.dll
 0004:00000570       __imp__CompareStringA@24   00636570     kernel32:KERNEL32.dll
 0004:00000574       __imp__WriteConsoleW@20    00636574     kernel32:KERNEL32.dll
 0004:00000578       __imp__GetConsoleOutputCP@0 00636578     kernel32:KERNEL32.dll
 0004:0000057c       __imp__WriteConsoleA@20    0063657c     kernel32:KERNEL32.dll
 0004:00000580       __imp__LCMapStringW@24     00636580     kernel32:KERNEL32.dll
 0004:00000584       __imp__LCMapStringA@24     00636584     kernel32:KERNEL32.dll
 0004:00000588       __imp__GetLocaleInfoW@16   00636588     kernel32:KERNEL32.dll
 0004:0000058c       __imp__MultiByteToWideChar@24 0063658c     kernel32:KERNEL32.dll
 0004:00000590       __imp__RtlUnwind@16        00636590     kernel32:KERNEL32.dll
 0004:00000594       __imp__GetLocaleInfoA@16   00636594     kernel32:KERNEL32.dll
 0004:00000598       __imp__CreateEventA@16     00636598     kernel32:KERNEL32.dll
 0004:0000059c       __imp__SetEvent@4          0063659c     kernel32:KERNEL32.dll
 0004:000005a0       __imp__ResetEvent@4        006365a0     kernel32:KERNEL32.dll
 0004:000005a4       __imp__WaitForMultipleObjects@16 006365a4     kernel32:KERNEL32.dll
 0004:000005a8       __imp__GetFileAttributesExA@12 006365a8     kernel32:KERNEL32.dll
 0004:000005ac       __imp__GetSystemDirectoryA@8 006365ac     kernel32:KERNEL32.dll
 0004:000005b0       __imp__GetWindowsDirectoryA@8 006365b0     kernel32:KERNEL32.dll
 0004:000005b4       __imp__InterlockedIncrement@4 006365b4     kernel32:KERNEL32.dll
 0004:000005b8       __imp__DeleteFileA@4       006365b8     kernel32:KERNEL32.dll
 0004:000005bc       __imp__MoveFileA@8         006365bc     kernel32:KERNEL32.dll
 0004:000005c0       __imp__GetTickCount@0      006365c0     kernel32:KERNEL32.dll
 0004:000005c4       __imp__QueryPerformanceCounter@4 006365c4     kernel32:KERNEL32.dll
 0004:000005c8       __imp__QueryPerformanceFrequency@4 006365c8     kernel32:KERNEL32.dll
 0004:000005cc       __imp__TryEnterCriticalSection@4 006365cc     kernel32:KERNEL32.dll
 0004:000005d0       __imp__InterlockedCompareExchange@12 006365d0     kernel32:KERNEL32.dll
 0004:000005d4       __imp__SetThreadPriority@8 006365d4     kernel32:KERNEL32.dll
 0004:000005d8       __imp__SetEndOfFile@4      006365d8     kernel32:KERNEL32.dll
 0004:000005dc       __imp__SetFilePointer@16   006365dc     kernel32:KERNEL32.dll
 0004:000005e0       __imp__GetFileAttributesA@4 006365e0     kernel32:KERNEL32.dll
 0004:000005e4       __imp__GetOverlappedResult@16 006365e4     kernel32:KERNEL32.dll
 0004:000005e8       __imp__CancelIo@4          006365e8     kernel32:KERNEL32.dll
 0004:000005ec       __imp__WriteFile@20        006365ec     kernel32:KERNEL32.dll
 0004:000005f0       __imp__DisconnectNamedPipe@4 006365f0     kernel32:KERNEL32.dll
 0004:000005f4       __imp__UnmapViewOfFile@4   006365f4     kernel32:KERNEL32.dll
 0004:000005f8       __imp__FindClose@4         006365f8     kernel32:KERNEL32.dll
 0004:000005fc       __imp__FindNextFileA@8     006365fc     kernel32:KERNEL32.dll
 0004:00000600       __imp__FindFirstFileA@8    00636600     kernel32:KERNEL32.dll
 0004:00000604       __imp__FileTimeToSystemTime@8 00636604     kernel32:KERNEL32.dll
 0004:00000608       __imp__FileTimeToLocalFileTime@8 00636608     kernel32:KERNEL32.dll
 0004:0000060c       __imp__GetDriveTypeA@4     0063660c     kernel32:KERNEL32.dll
 0004:00000610       __imp__ExitProcess@4       00636610     kernel32:KERNEL32.dll
 0004:00000614       __imp__SetConsoleCtrlHandler@8 00636614     kernel32:KERNEL32.dll
 0004:00000618       __imp__ReadConsoleInputA@16 00636618     kernel32:KERNEL32.dll
 0004:0000061c       __imp__SetConsoleMode@8    0063661c     kernel32:KERNEL32.dll
 0004:00000620       __imp__GetConsoleMode@8    00636620     kernel32:KERNEL32.dll
 0004:00000624       __imp__PeekConsoleInputA@16 00636624     kernel32:KERNEL32.dll
 0004:00000628       __imp__GetNumberOfConsoleInputEvents@8 00636628     kernel32:KERNEL32.dll
 0004:0000062c       __imp__GetCommandLineA@0   0063662c     kernel32:KERNEL32.dll
 0004:00000630       __imp__HeapFree@12         00636630     kernel32:KERNEL32.dll
 0004:00000634       __imp__GetVersionExA@4     00636634     kernel32:KERNEL32.dll
 0004:00000638       __imp__HeapAlloc@12        00636638     kernel32:KERNEL32.dll
 0004:0000063c       __imp__GetProcessHeap@0    0063663c     kernel32:KERNEL32.dll
 0004:00000640       __imp__HeapReAlloc@16      00636640     kernel32:KERNEL32.dll
 0004:00000644       __imp__GetFileInformationByHandle@8 00636644     kernel32:KERNEL32.dll
 0004:00000648       __imp__PeekNamedPipe@24    00636648     kernel32:KERNEL32.dll
 0004:0000064c       __imp__GetFileType@4       0063664c     kernel32:KERNEL32.dll
 0004:00000650       __imp__SetStdHandle@8      00636650     kernel32:KERNEL32.dll
 0004:00000654       __imp__WideCharToMultiByte@32 00636654     kernel32:KERNEL32.dll
 0004:00000658       __imp__GetTimeZoneInformation@4 00636658     kernel32:KERNEL32.dll
 0004:0000065c       __imp__UnhandledExceptionFilter@4 0063665c     kernel32:KERNEL32.dll
 0004:00000660       __imp__SetUnhandledExceptionFilter@4 00636660     kernel32:KERNEL32.dll
 0004:00000664       __imp__IsDebuggerPresent@0 00636664     kernel32:KERNEL32.dll
 0004:00000668       __imp__ExitThread@4        00636668     kernel32:KERNEL32.dll
 0004:0000066c       __imp__ResumeThread@4      0063666c     kernel32:KERNEL32.dll
 0004:00000670       __imp__CreateThread@24     00636670     kernel32:KERNEL32.dll
 0004:00000674       __imp__FlushFileBuffers@4  00636674     kernel32:KERNEL32.dll
 0004:00000678       __imp__GetStdHandle@4      00636678     kernel32:KERNEL32.dll
 0004:0000067c       __imp__TlsGetValue@4       0063667c     kernel32:KERNEL32.dll
 0004:00000680       __imp__TlsAlloc@0          00636680     kernel32:KERNEL32.dll
 0004:00000684       __imp__TlsSetValue@8       00636684     kernel32:KERNEL32.dll
 0004:00000688       __imp__TlsFree@4           00636688     kernel32:KERNEL32.dll
 0004:0000068c       __imp__InterlockedDecrement@4 0063668c     kernel32:KERNEL32.dll
 0004:00000690       __imp__GetCurrentThread@0  00636690     kernel32:KERNEL32.dll
 0004:00000694       __imp__GetCurrentDirectoryA@8 00636694     kernel32:KERNEL32.dll
 0004:00000698       __imp__SetCurrentDirectoryA@4 00636698     kernel32:KERNEL32.dll
 0004:0000069c       __imp__RaiseException@16   0063669c     kernel32:KERNEL32.dll
 0004:000006a0       __imp__SetHandleCount@4    006366a0     kernel32:KERNEL32.dll
 0004:000006a4       __imp__GetStartupInfoA@4   006366a4     kernel32:KERNEL32.dll
 0004:000006a8       __imp__FatalAppExitA@8     006366a8     kernel32:KERNEL32.dll
 0004:000006ac       __imp__GetConsoleCP@0      006366ac     kernel32:KERNEL32.dll
 0004:000006b0       __imp__FreeLibrary@4       006366b0     kernel32:KERNEL32.dll
 0004:000006b4       __imp__InterlockedExchange@8 006366b4     kernel32:KERNEL32.dll
 0004:000006b8       __imp__LoadLibraryA@4      006366b8     kernel32:KERNEL32.dll
 0004:000006bc       __imp__GetCPInfo@8         006366bc     kernel32:KERNEL32.dll
 0004:000006c0       __imp__GetACP@0            006366c0     kernel32:KERNEL32.dll
 0004:000006c4       __imp__GetOEMCP@0          006366c4     kernel32:KERNEL32.dll
 0004:000006c8       __imp__IsValidCodePage@4   006366c8     kernel32:KERNEL32.dll
 0004:000006cc       __imp__FreeEnvironmentStringsA@4 006366cc     kernel32:KERNEL32.dll
 0004:000006d0       __imp__GetEnvironmentStrings@0 006366d0     kernel32:KERNEL32.dll
 0004:000006d4       __imp__FreeEnvironmentStringsW@4 006366d4     kernel32:KERNEL32.dll
 0004:000006d8       __imp__GetEnvironmentStringsW@0 006366d8     kernel32:KERNEL32.dll
 0004:000006dc       __imp__HeapDestroy@4       006366dc     kernel32:KERNEL32.dll
 0004:000006e0       __imp__HeapCreate@12       006366e0     kernel32:KERNEL32.dll
 0004:000006e4       __imp__VirtualFree@12      006366e4     kernel32:KERNEL32.dll
 0004:000006e8       __imp__GetCurrentProcessId@0 006366e8     kernel32:KERNEL32.dll
 0004:000006ec       __imp__VirtualAlloc@16     006366ec     kernel32:KERNEL32.dll
 0004:000006f0       __imp__HeapSize@12         006366f0     kernel32:KERNEL32.dll
 0004:000006f4       __imp__InitializeCriticalSection@4 006366f4     kernel32:KERNEL32.dll
 0004:000006f8       \177KERNEL32_NULL_THUNK_DATA 006366f8     kernel32:KERNEL32.dll
 0004:00000790       __imp__PeekMessageA@20     00636790     user32:USER32.dll
 0004:00000794       __imp__KillTimer@8         00636794     user32:USER32.dll
 0004:00000798       __imp__SetTimer@16         00636798     user32:USER32.dll
 0004:0000079c       \177USER32_NULL_THUNK_DATA 0063679c     user32:USER32.dll
 0004:000007c8       __imp__recv@16             006367c8     wsock32:WSOCK32.dll
 0004:000007cc       __imp__gethostbyname@4     006367cc     wsock32:WSOCK32.dll
 0004:000007d0       __imp__inet_ntoa@4         006367d0     wsock32:WSOCK32.dll
 0004:000007d4       __imp__WSAStartup@8        006367d4     wsock32:WSOCK32.dll
 0004:000007d8       __imp__WSACleanup@0        006367d8     wsock32:WSOCK32.dll
 0004:000007dc       __imp__WSAGetLastError@0   006367dc     wsock32:WSOCK32.dll
 0004:000007e0       __imp__send@16             006367e0     wsock32:WSOCK32.dll
 0004:000007e4       __imp__select@20           006367e4     wsock32:WSOCK32.dll
 0004:000007e8       __imp____WSAFDIsSet@8      006367e8     wsock32:WSOCK32.dll
 0004:000007ec       __imp__accept@12           006367ec     wsock32:WSOCK32.dll
 0004:000007f0       __imp__shutdown@8          006367f0     wsock32:WSOCK32.dll
 0004:000007f4       __imp__socket@12           006367f4     wsock32:WSOCK32.dll
 0004:000007f8       __imp__inet_addr@4         006367f8     wsock32:WSOCK32.dll
 0004:000007fc       __imp__ntohs@4             006367fc     wsock32:WSOCK32.dll
 0004:00000800       __imp__getpeername@12      00636800     wsock32:WSOCK32.dll
 0004:00000804       __imp__WSASetLastError@4   00636804     wsock32:WSOCK32.dll
 0004:00000808       __imp__connect@12          00636808     wsock32:WSOCK32.dll
 0004:0000080c       __imp__htonl@4             0063680c     wsock32:WSOCK32.dll
 0004:00000810       __imp__htons@4             00636810     wsock32:WSOCK32.dll
 0004:00000814       __imp__setsockopt@20       00636814     wsock32:WSOCK32.dll
 0004:00000818       __imp__bind@12             00636818     wsock32:WSOCK32.dll
 0004:0000081c       __imp__listen@8            0063681c     wsock32:WSOCK32.dll
 0004:00000820       __imp__closesocket@4       00636820     wsock32:WSOCK32.dll
 0004:00000824       __imp__ioctlsocket@12      00636824     wsock32:WSOCK32.dll
 0004:00000828       __imp__gethostname@8       00636828     wsock32:WSOCK32.dll
 0004:0000082c       \177WSOCK32_NULL_THUNK_DATA 0063682c     wsock32:WSOCK32.dll
 0005:00000000       __tls_start                00638000     LIBCMT:tlssup.obj
 0005:00000108       _THR_KEY_mysys             00638108     mysys:my_thr_init.obj
 0005:0000028e       __tls_end                  0063828e     LIBCMT:tlssup.obj

 entry point at        0001:0004ef5f

